#                                                                            --- full sequence --- -------------- this domain -------------   hmm coord   ali coord   env coord
# target name        accession   tlen query name           accession   qlen   E-value  score  bias   #  of  c-Evalue  i-Evalue  score  bias  from    to  from    to  from    to  acc description of target
#------------------- ---------- ----- -------------------- ---------- ----- --------- ------ ----- --- --- --------- --------- ------ ----- ----- ----- ----- ----- ----- ----- ---- ---------------------
k99_78548_72         -            131 Ribosom_S12_S23      PF00164.20   122   1.5e-54  179.5   1.1   1   1     1e-57   1.7e-54  179.3   1.1     1   120     2   121     2   123 0.99 # 65563 # 65955 # 1 # ID=80_72;partial=00;start_type=ATG;rbs_motif=AGGA;rbs_spacer=5-10bp;gc_cont=0.684
k99_78548_73         -            156 Ribosomal_S7         PF00177.16   148   1.8e-57  190.0   1.7   1   1   1.2e-60     2e-57  189.8   1.7     3   148     2   148     1   148 0.98 # 65970 # 66437 # 1 # ID=80_73;partial=00;start_type=ATG;rbs_motif=AGGAG;rbs_spacer=5-10bp;gc_cont=0.662
k99_78548_25         -            275 Ribosomal_L2         PF00181.18    77   3.4e-32  107.2   0.0   1   1   4.2e-35   7.2e-32  106.1   0.0     1    77    42   118    42   118 0.99 # 12655 # 13479 # -1 # ID=80_25;partial=00;start_type=ATG;rbs_motif=AGGA;rbs_spacer=5-10bp;gc_cont=0.708
k99_78548_22         -            229 Ribosomal_S3_C       PF00189.15    85   1.5e-29   98.9   1.3   1   1     9e-33   1.5e-29   98.9   1.3     1    85   119   202   119   202 0.97 # 11317 # 12003 # -1 # ID=80_22;partial=00;start_type=TTG;rbs_motif=AGGAG;rbs_spacer=5-10bp;gc_cont=0.645
k99_78548_24         -             93 Ribosomal_S19        PF00203.16    81     2e-37  123.6   0.5   1   1   1.3e-40   2.3e-37  123.4   0.5     1    81     3    83     3    83 0.99 # 12370 # 12648 # -1 # ID=80_24;partial=00;start_type=ATG;rbs_motif=AGGAG/GGAGG;rbs_spacer=11-12bp;gc_cont=0.624
k99_78548_23         -            111 Ribosomal_L22        PF00237.14   105     1e-28   96.2   0.1   1   1   6.9e-32   1.2e-28   96.1   0.1     1   104     5   108     5   109 0.98 # 12019 # 12351 # -1 # ID=80_23;partial=00;start_type=ATG;rbs_motif=AGGAG;rbs_spacer=5-10bp;gc_cont=0.685
k99_78548_18         -            122 Ribosomal_L14        PF00238.14   122   2.5e-46  153.3   0.2   1   1   1.6e-49   2.8e-46  153.2   0.2     1   122     1   121     1   121 0.98 # 10082 # 10447 # -1 # ID=80_18;partial=00;start_type=ATG;rbs_motif=AGGAG;rbs_spacer=5-10bp;gc_cont=0.683
k99_78548_21         -            136 Ribosomal_L16        PF00252.13   133   1.1e-47  158.1   0.1   1   1     7e-51   1.2e-47  157.9   0.1     1   132     5   133     5   134 0.98 # 10926 # 11333 # -1 # ID=80_21;partial=00;start_type=ATG;rbs_motif=AGGAG;rbs_spacer=5-10bp;gc_cont=0.662
k99_78548_26         -             91 Ribosomal_L23        PF00276.15    92   2.7e-19   65.8   0.6   1   1   1.8e-22     3e-19   65.7   0.6     2    88     3    89     2    90 0.88 # 13506 # 13778 # -1 # ID=80_26;partial=00;start_type=ATG;rbs_motif=AGxAGG/AGGxGG;rbs_spacer=5-10bp;gc_cont=0.641
k99_78548_16         -            177 Ribosomal_L5         PF00281.14    56   1.2e-18   63.6   0.3   1   1   1.5e-21   2.5e-18   62.5   0.2     1    56    24    78    24    78 0.94 # 9109 # 9639 # -1 # ID=80_16;partial=00;start_type=ATG;rbs_motif=AGGAG;rbs_spacer=5-10bp;gc_cont=0.644
k99_78548_28         -            209 Ribosomal_L3         PF00297.17   263   6.7e-36  120.9   4.8   1   1   1.4e-37   2.4e-34  115.8   4.8     1   262     8   202     8   203 0.97 # 14460 # 15086 # -1 # ID=80_28;partial=00;start_type=ATG;rbs_motif=AGGAG;rbs_spacer=5-10bp;gc_cont=0.703
k99_18707_6          -            142 Ribosomal_L11        PF00298.14    69   3.7e-28   94.4   1.5   1   1   2.2e-31   3.7e-28   94.4   1.5     1    69    71   139    71   139 0.99 # 4306 # 4731 # -1 # ID=14_6;partial=00;start_type=ATG;rbs_motif=AGGA;rbs_spacer=5-10bp;gc_cont=0.648
k99_86794_6          -             86 Ribosomal_S15        PF00312.17    83     7e-29   96.4   2.9   1   1   4.7e-32   7.9e-29   96.2   2.9     3    83     4    84     2    84 0.98 # 6935 # 7192 # -1 # ID=96_6;partial=00;start_type=ATG;rbs_motif=AGGA;rbs_spacer=5-10bp;gc_cont=0.620
k99_77424_10         -            331 Ribosomal_S2         PF00318.15   211   1.3e-78  259.9   0.0   1   1   9.5e-82   1.6e-78  259.6   0.0     1   207    10   223    10   227 0.98 # 15086 # 16078 # 1 # ID=78_10;partial=00;start_type=ATG;rbs_motif=GGA/GAG/AGG;rbs_spacer=5-10bp;gc_cont=0.719
k99_78548_11         -            161 Ribosomal_S5         PF00333.15    67   3.9e-27   90.7   2.1   1   1   4.2e-30   7.1e-27   89.9   2.1     1    65    12    76    12    78 0.96 # 7070 # 7552 # -1 # ID=80_11;partial=00;start_type=ATG;rbs_motif=GGAGG;rbs_spacer=5-10bp;gc_cont=0.675
k99_78548_19         -             88 Ribosomal_S17        PF00366.15    69   1.3e-30  102.2   1.6   1   1   8.9e-34   1.5e-30  102.0   1.6     1    69    16    84    16    84 0.99 # 10451 # 10714 # -1 # ID=80_19;partial=00;start_type=ATG;rbs_motif=AGxAGG/AGGxGG;rbs_spacer=5-10bp;gc_cont=0.644
k99_47269_16         -            131 Ribosomal_S9         PF00380.14   121   3.9e-45  149.9   0.7   1   1   2.6e-48   4.4e-45  149.8   0.7     1   121    10   130    10   130 1.00 # 15766 # 16158 # 1 # ID=39_16;partial=00;start_type=ATG;rbs_motif=AGGAG;rbs_spacer=5-10bp;gc_cont=0.700
k99_78548_14         -            131 Ribosomal_S8         PF00410.14   129   3.5e-45  149.9   0.0   1   1   2.3e-48   3.9e-45  149.7   0.0     1   129     4   130     4   130 0.98 # 8501 # 8893 # -1 # ID=80_14;partial=00;start_type=ATG;rbs_motif=GGA/GAG/AGG;rbs_spacer=5-10bp;gc_cont=0.674
k99_78548_5          -            167 Ribosomal_S11        PF00411.14   110   4.6e-40  133.1   1.9   1   2     0.026        45    1.2   1.6    43    72    28    56    18    58 0.76 # 2542 # 3042 # -1 # ID=80_5;partial=00;start_type=ATG;rbs_motif=AGGA;rbs_spacer=5-10bp;gc_cont=0.689
k99_78548_5          -            167 Ribosomal_S11        PF00411.14   110   4.6e-40  133.1   1.9   2   2   2.7e-43   4.6e-40  133.1   1.9     1   110    56   165    56   165 0.99 # 2542 # 3042 # -1 # ID=80_5;partial=00;start_type=ATG;rbs_motif=AGGA;rbs_spacer=5-10bp;gc_cont=0.689
k99_18707_4          -            180 Ribosomal_L10        PF00466.15   100   7.3e-19   64.5   0.0   1   1   6.7e-22   1.2e-18   63.9   0.0     7    99    11   102     1   103 0.91 # 3067 # 3606 # -1 # ID=14_4;partial=00;start_type=ATG;rbs_motif=AGGAG;rbs_spacer=5-10bp;gc_cont=0.683
k99_77471_8          -           1314 RNA_pol_Rpb2_6       PF00562.23   386  7.2e-151  499.2   0.0   1   1  1.4e-153  2.4e-150  497.4   0.0     2   386   606  1216   605  1216 0.98 # 15225 # 19166 # -1 # ID=79_8;partial=00;start_type=ATG;rbs_motif=GGAG/GAGG;rbs_spacer=5-10bp;gc_cont=0.667
k99_47269_15         -            145 Ribosomal_L13        PF00572.13   128   6.8e-46  152.4   0.0   1   1   4.5e-49   7.7e-46  152.2   0.0     1   126    17   142    17   144 0.98 # 15305 # 15739 # 1 # ID=39_15;partial=00;start_type=ATG;rbs_motif=GGA/GAG/AGG;rbs_spacer=5-10bp;gc_cont=0.674
k99_78548_27         -            223 Ribosomal_L4         PF00573.17   192   6.6e-57  188.9   0.0   1   1   4.8e-60   8.1e-57  188.6   0.0    14   190    30   209    22   211 0.96 # 13780 # 14448 # -1 # ID=80_27;partial=00;start_type=ATG;rbs_motif=GGAG/GAGG;rbs_spacer=5-10bp;gc_cont=0.695
k99_77471_7          -           1458 RNA_pol_Rpb1_2       PF00623.15   166   3.6e-52  173.5   0.2   1   1   2.4e-54   4.1e-51  170.1   0.0     1   165   347   488   347   489 0.96 # 10830 # 15203 # -1 # ID=79_7;partial=00;start_type=GTG;rbs_motif=GGAGG;rbs_spacer=5-10bp;gc_cont=0.665
k99_78548_16         -            177 Ribosomal_L5_C       PF00673.16    95   6.2e-32  106.2   0.0   1   2     0.056        95   -0.2   0.0    44    75    37    67    35    79 0.64 # 9109 # 9639 # -1 # ID=80_16;partial=00;start_type=ATG;rbs_motif=AGGAG;rbs_spacer=5-10bp;gc_cont=0.644
k99_78548_16         -            177 Ribosomal_L5_C       PF00673.16    95   6.2e-32  106.2   0.0   2   2   1.8e-34     3e-31  104.0   0.0     1    95    82   174    82   174 0.98 # 9109 # 9639 # -1 # ID=80_16;partial=00;start_type=ATG;rbs_motif=AGGAG;rbs_spacer=5-10bp;gc_cont=0.644
k99_18707_5          -            228 Ribosomal_L1         PF00687.16   220   1.3e-42  142.5   0.0   1   1   8.8e-46   1.5e-42  142.3   0.0     6   219    27   219     3   220 0.90 # 3611 # 4294 # -1 # ID=14_5;partial=00;start_type=ATG;rbs_motif=AGGAG;rbs_spacer=5-10bp;gc_cont=0.719
k99_78548_20         -             67 Ribosomal_L29        PF00831.18    58   1.3e-16   57.0   2.3   1   1   8.4e-20   1.4e-16   56.8   2.3     1    58     3    62     3    62 0.94 # 10711 # 10911 # -1 # ID=80_20;partial=00;start_type=ATG;rbs_motif=GGAG/GAGG;rbs_spacer=5-10bp;gc_cont=0.637
k99_78548_12         -            124 Ribosomal_L18p       PF00861.17   119   1.5e-25   86.6   1.9   1   1   1.1e-28   1.9e-25   86.3   1.9     3   119     8   116     5   116 0.88 # 7553 # 7924 # -1 # ID=80_12;partial=00;start_type=ATG;rbs_motif=AGGAG;rbs_spacer=5-10bp;gc_cont=0.680
k99_33565_50         -             84 RNA_pol_Rpb6         PF01192.17    57   8.7e-07   25.5   0.0   1   1   7.7e-10   1.3e-06   25.0   0.0    13    53    19    60    18    61 0.91 # 63312 # 63563 # -1 # ID=29_50;partial=00;start_type=ATG;rbs_motif=GGAGG;rbs_spacer=5-10bp;gc_cont=0.679
k99_33504_8          -            246 TruB_N               PF01509.13   149     2e-49  164.5   0.0   1   1   1.7e-52     3e-49  163.9   0.0     1   149    30   183    30   183 0.96 # 7904 # 8641 # -1 # ID=27_8;partial=00;start_type=GTG;rbs_motif=AGGAG;rbs_spacer=5-10bp;gc_cont=0.720
k99_78548_11         -            161 Ribosomal_S5_C       PF03719.10    74   8.4e-33  108.4   0.5   1   1   7.9e-36   1.3e-32  107.8   0.5     1    73    87   159    87   160 0.98 # 7070 # 7552 # -1 # ID=80_11;partial=00;start_type=ATG;rbs_motif=GGAGG;rbs_spacer=5-10bp;gc_cont=0.675
k99_18707_6          -            142 Ribosomal_L11_N      PF03946.9     60   1.1e-31  105.0   0.3   1   1     1e-34   1.8e-31  104.3   0.3     1    60     8    66     8    66 0.98 # 4306 # 4731 # -1 # ID=14_6;partial=00;start_type=ATG;rbs_motif=AGGA;rbs_spacer=5-10bp;gc_cont=0.648
k99_78548_25         -            275 Ribosomal_L2_C       PF03947.13   130   1.8e-53  176.7   2.5   1   1   1.8e-56     3e-53  176.0   2.5     3   129   126   251   124   252 0.99 # 12655 # 13479 # -1 # ID=80_25;partial=00;start_type=ATG;rbs_motif=AGGA;rbs_spacer=5-10bp;gc_cont=0.708
k99_77471_8          -           1314 RNA_pol_Rpb2_7       PF04560.15    82   9.5e-28   93.2   0.1   1   1   1.8e-30     3e-27   91.6   0.1     1    79  1218  1291  1218  1293 0.98 # 15225 # 19166 # -1 # ID=79_8;partial=00;start_type=ATG;rbs_motif=GGAG/GAGG;rbs_spacer=5-10bp;gc_cont=0.667
k99_77471_8          -           1314 RNA_pol_Rpb2_2       PF04561.9    190   7.2e-22   74.6   0.1   1   2   1.6e-07   0.00028   17.3   0.0     1    75   140   215   140   239 0.84 # 15225 # 19166 # -1 # ID=79_8;partial=00;start_type=ATG;rbs_motif=GGAG/GAGG;rbs_spacer=5-10bp;gc_cont=0.667
k99_77471_8          -           1314 RNA_pol_Rpb2_2       PF04561.9    190   7.2e-22   74.6   0.1   2   2   4.3e-19   7.3e-16   55.0   0.1    97   190   294   395   274   395 0.91 # 15225 # 19166 # -1 # ID=79_8;partial=00;start_type=ATG;rbs_motif=GGAG/GAGG;rbs_spacer=5-10bp;gc_cont=0.667
k99_77471_8          -           1314 RNA_pol_Rpb2_1       PF04563.10   203     7e-22   74.2   0.0   1   1   8.5e-25   1.4e-21   73.2   0.0     1   202    20   451    20   452 0.98 # 15225 # 19166 # -1 # ID=79_8;partial=00;start_type=ATG;rbs_motif=GGAG/GAGG;rbs_spacer=5-10bp;gc_cont=0.667
k99_77471_8          -           1314 RNA_pol_Rpb2_3       PF04565.11    68   5.5e-29   96.7   0.0   1   1   5.8e-32   9.9e-29   95.9   0.0     1    68   456   525   456   525 0.99 # 15225 # 19166 # -1 # ID=79_8;partial=00;start_type=ATG;rbs_motif=GGAG/GAGG;rbs_spacer=5-10bp;gc_cont=0.667
k99_77471_7          -           1458 RNA_pol_Rpb1_1       PF04997.7    337   2.1e-97  323.3   0.0   1   1  2.5e-100   4.3e-97  322.3   0.0     5   337    20   345    16   345 0.93 # 10830 # 15203 # -1 # ID=79_7;partial=00;start_type=GTG;rbs_motif=GGAGG;rbs_spacer=5-10bp;gc_cont=0.665
k99_77471_7          -           1458 RNA_pol_Rpb1_4       PF05000.12   108     1e-15   54.3   0.4   1   1   2.1e-18   3.5e-15   52.6   0.0     1    83   690   767   690   784 0.85 # 10830 # 15203 # -1 # ID=79_7;partial=00;start_type=GTG;rbs_motif=GGAGG;rbs_spacer=5-10bp;gc_cont=0.665
k99_33504_10         -            862 IF-2                 PF11987.3    109   6.4e-25   84.1   1.2   1   1   7.8e-28   1.3e-24   83.1   0.2     6   108   651   751   646   752 0.93 # 9021 # 11606 # -1 # ID=27_10;partial=00;start_type=ATG;rbs_motif=GGAG/GAGG;rbs_spacer=5-10bp;gc_cont=0.714
k99_52198_6          -            608 TIGR00344            TIGR00344    847  2.6e-189  627.9   0.0   1   2  5.6e-140  4.7e-137  455.0   0.0     2   430     9   441     8   452 0.94 # 5650 # 7473 # -1 # ID=44_6;partial=00;start_type=ATG;rbs_motif=AGGAG;rbs_spacer=5-10bp;gc_cont=0.681
k99_52198_6          -            608 TIGR00344            TIGR00344    847  2.6e-189  627.9   0.0   2   2     4e-54   3.4e-51  171.0   0.1   552   699   454   601   448   607 0.97 # 5650 # 7473 # -1 # ID=44_6;partial=00;start_type=ATG;rbs_motif=AGGAG;rbs_spacer=5-10bp;gc_cont=0.681
k99_39628_1          -            581 TIGR00344            TIGR00344    847   1.7e-08   29.8   0.0   1   1   2.9e-11   2.5e-08   29.2   0.0   556   680     9   137     5   177 0.90 # 250 # 1992 # 1 # ID=34_1;partial=00;start_type=ATG;rbs_motif=AGGAG;rbs_spacer=5-10bp;gc_cont=0.575
k99_8244_56          -            912 TIGR00422            TIGR00422    863         0 1011.6   0.0   1   1         0         0 1011.4   0.0     2   859     2   870     1   874 0.95 # 69436 # 72171 # -1 # ID=7_56;partial=00;start_type=ATG;rbs_motif=AGGA;rbs_spacer=5-10bp;gc_cont=0.678
k99_21016_4          -           1044 TIGR00422            TIGR00422    863  1.1e-127  423.9   0.0   1   2   2.7e-36   9.3e-34  113.1   0.0     6   233    10   248     5   253 0.94 # 4114 # 7245 # 1 # ID=18_4;partial=00;start_type=ATG;rbs_motif=GGA/GAG/AGG;rbs_spacer=5-10bp;gc_cont=0.683
k99_21016_4          -           1044 TIGR00422            TIGR00422    863  1.1e-127  423.9   0.0   2   2   2.3e-95     8e-93  308.5   0.0   255   806   309   882   302   908 0.89 # 4114 # 7245 # 1 # ID=18_4;partial=00;start_type=ATG;rbs_motif=GGA/GAG/AGG;rbs_spacer=5-10bp;gc_cont=0.683
k99_82878_6          -            836 TIGR00422            TIGR00422    863   5.3e-86  285.9   3.1   1   5     2e-37   6.9e-35  116.8   1.5     1   188     1   172     1   174 0.91 # 4452 # 6959 # 1 # ID=87_6;partial=00;start_type=ATG;rbs_motif=AGGA;rbs_spacer=5-10bp;gc_cont=0.679
k99_82878_6          -            836 TIGR00422            TIGR00422    863   5.3e-86  285.9   3.1   2   5   6.2e-07   0.00021   15.9   0.1   342   397   175   227   172   231 0.94 # 4452 # 6959 # 1 # ID=87_6;partial=00;start_type=ATG;rbs_motif=AGGA;rbs_spacer=5-10bp;gc_cont=0.679
k99_82878_6          -            836 TIGR00422            TIGR00422    863   5.3e-86  285.9   3.1   3   5   0.00039      0.13    6.7   0.1   200   234   234   266   227   274 0.80 # 4452 # 6959 # 1 # ID=87_6;partial=00;start_type=ATG;rbs_motif=AGGA;rbs_spacer=5-10bp;gc_cont=0.679
k99_82878_6          -            836 TIGR00422            TIGR00422    863   5.3e-86  285.9   3.1   4   5   3.3e-07   0.00011   16.9   0.0   242   318   310   402   303   415 0.75 # 4452 # 6959 # 1 # ID=87_6;partial=00;start_type=ATG;rbs_motif=AGGA;rbs_spacer=5-10bp;gc_cont=0.679
k99_82878_6          -            836 TIGR00422            TIGR00422    863   5.3e-86  285.9   3.1   5   5     3e-39     1e-36  122.9   0.0   397   730   422   778   411   788 0.86 # 4452 # 6959 # 1 # ID=87_6;partial=00;start_type=ATG;rbs_motif=AGGA;rbs_spacer=5-10bp;gc_cont=0.679
k99_77424_18         -            689 TIGR00422            TIGR00422    863   3.7e-17   58.1   0.0   1   3   8.3e-11   2.8e-08   28.8   0.1    35    87     6    58     1    69 0.88 # 21671 # 23737 # 1 # ID=78_18;partial=00;start_type=ATG;rbs_motif=AGGAG;rbs_spacer=5-10bp;gc_cont=0.685
k99_77424_18         -            689 TIGR00422            TIGR00422    863   3.7e-17   58.1   0.0   2   3    0.0012      0.41    5.1   0.0   340   418   170   245   162   254 0.74 # 21671 # 23737 # 1 # ID=78_18;partial=00;start_type=ATG;rbs_motif=AGGAG;rbs_spacer=5-10bp;gc_cont=0.685
k99_77424_18         -            689 TIGR00422            TIGR00422    863   3.7e-17   58.1   0.0   3   3   3.1e-08     1e-05   20.3   0.0   511   689   313   490   287   503 0.72 # 21671 # 23737 # 1 # ID=78_18;partial=00;start_type=ATG;rbs_motif=AGGAG;rbs_spacer=5-10bp;gc_cont=0.685
k99_2365_20          -            468 TIGR00422            TIGR00422    863      0.02    9.4   0.0   1   1   7.5e-05     0.026    9.1   0.0   480   533   225   277   206   319 0.82 # 23123 # 24526 # 1 # ID=4_20;partial=00;start_type=ATG;rbs_motif=GGA/GAG/AGG;rbs_spacer=5-10bp;gc_cont=0.711
#
# Program:         hmmsearch
# Version:         3.2 (June 2018)
# Pipeline mode:   SEARCH
# Query file:      /tmp/3996c1c0-25bd-42ae-8555-7f785b92bbdd
# Target file:     GutReferenceSet/GutReferenceSet/Demo/quality/files_0_100/checkM/bins/ASM_25755_0_MAG_4/genes.faa
# Option settings: hmmsearch --domtblout GutReferenceSet/GutReferenceSet/Demo/quality/files_0_100/checkM/bins/ASM_25755_0_MAG_4/hmmer.tree.txt --noali --notextw -E 0.1 --domE 0.1 --cpu 1 /tmp/3996c1c0-25bd-42ae-8555-7f785b92bbdd GutReferenceSet/GutReferenceSet/Demo/quality/files_0_100/checkM/bins/ASM_25755_0_MAG_4/genes.faa
# Current dir:     GutReferenceSet/GutReferenceSet/Build_Species_Set
# Date:            Tue May 10 12:46:46 2022
# [ok]
