,fasta,sketch_file
0,GutReferenceSet/GutReferenceSet/Demo/ASM_19476_0_MAG_4.fa,GutReferenceSet/GutReferenceSet/Demo/dists/between_person/sketches/merged_part_0_3.msh
1,GutReferenceSet/GutReferenceSet/Demo/ASM_25755_0_MAG_4.fa,GutReferenceSet/GutReferenceSet/Demo/dists/between_person/sketches/merged_part_0_3.msh
2,GutReferenceSet/GutReferenceSet/Demo/ASM_23511_0_MAG_0.fa,GutReferenceSet/GutReferenceSet/Demo/dists/between_person/sketches/merged_part_0_3.msh
