,0,1,2,3
0,0.0,1.0,0.01556396484375,2.0
1,2.0,3.0,0.17822265625,3.0
