,Country,RegistrationCode,SampleName,DoNotTake,Method,Age,Source,AssemblyName,Gender,Genome size,Completeness,Contamination,GC,GC std,# ambiguous bases,N50 (contigs),# contigs,Longest contig,Mean contig length,Coding density,# predicted genes,quality_dir
GutReferenceSet/GutReferenceSet/Demo/ASM_19476_0_MAG_4.fa,IL,ID_19746,Sample_19476_0,,MAG,76,Segal,ASM_19476_0_MAG_4.fa,F,1685491,78.71621621621621,2.191539365452409,0.6988040873549607,0.030896848611223705,0,4615,424,17659,3975.2146226415093,0.9353962732521265,1706,GutReferenceSet/GutReferenceSet/Demo/quality/files_0_100/checkM
GutReferenceSet/GutReferenceSet/Demo/ASM_25755_0_MAG_4.fa,IL,ID_25755,Sample_25755_0,,MAG,77,Segal,ASM_25755_0_MAG_4.fa,M,2047124,92.56756756756756,0.7050528789659224,0.7002433658146746,0.023650165586925762,0,30256,99,88465,20678.0202020202,0.9322522719678925,1708,GutReferenceSet/GutReferenceSet/Demo/quality/files_0_100/checkM
GutReferenceSet/GutReferenceSet/Demo/ASM_23511_0_MAG_0.fa,IL,ID_23511,Sample_23511_0,,MAG,51,Segal,ASM_23511_0_MAG_0.fa,M,2337140,81.41891891891892,0.7447985069468446,0.6607306365900203,0.028783972453867896,0,5550,504,32296,4637.18253968254,0.8594709773483831,1890,GutReferenceSet/GutReferenceSet/Demo/quality/files_0_100/checkM
