,Country,RegistrationCode,SampleName,DoNotTake,Method,Age,Source,AssemblyName,Gender,Genome size,Completeness,Contamination,GC,GC std,# ambiguous bases,N50 (contigs),# contigs,Longest contig,Mean contig length,Coding density,# predicted genes,quality_dir,Score_1_-5_15,cluster_s,cluster_g,cluster_f
GutReferenceSet/GutReferenceSet/Demo/ASM_19476_0_MAG_4.fa,IL,ID_19746,Sample_19476_0,,MAG,76,Segal,ASM_19476_0_MAG_4.fa,F,1685491,78.71621621621621,2.191539365452409,0.6988040873549607,0.0308968486112237,0,4615,424,17659,3975.214622641509,0.9353962732521264,1706,GutReferenceSet/GutReferenceSet/Demo/quality/files_0_100/checkM,122.72109496938312,1,1,1
GutReferenceSet/GutReferenceSet/Demo/ASM_25755_0_MAG_4.fa,IL,ID_25755,Sample_25755_0,,MAG,77,Segal,ASM_25755_0_MAG_4.fa,M,2047124,92.56756756756756,0.7050528789659224,0.7002433658146746,0.0236501655869257,0,30256,99,88465,20678.0202020202,0.9322522719678924,1708,GutReferenceSet/GutReferenceSet/Demo/quality/files_0_100/checkM,156.25447584525244,1,1,1
GutReferenceSet/GutReferenceSet/Demo/ASM_23511_0_MAG_0.fa,IL,ID_23511,Sample_23511_0,,MAG,51,Segal,ASM_23511_0_MAG_0.fa,M,2337140,81.41891891891892,0.7447985069468446,0.6607306365900203,0.0287839724538678,0,5550,504,32296,4637.18253968254,0.8594709773483831,1890,GutReferenceSet/GutReferenceSet/Demo/quality/files_0_100/checkM,133.85932113102484,2,2,1
