user_genome,classification,fastani_reference,fastani_reference_radius,fastani_taxonomy,fastani_ani,fastani_af,closest_placement_reference,closest_placement_radius,closest_placement_taxonomy,closest_placement_ani,closest_placement_af,pplacer_taxonomy,classification_method,note,"other_related_references(genome_id,species_name,radius,ANI,AF)",msa_percent,translation_table,red_value,warnings,d,p,c,o,f,g,s,GTDB_warn,GTDB_no_s
Rep_1,d__Bacteria;p__Verrucomicrobiota;c__Kiritimatiellae;o__RFP12;f__UBA1067;g__W1P29-020;s__,,,,,,,,,,,d__Bacteria;p__Verrucomicrobiota;c__Kiritimatiellae;o__RFP12;f__UBA1067;g__;s__,taxonomic novelty determined using RED,,,82.71,11,0.9273639257854576,,d__Bacteria,p__Verrucomicrobiota,c__Kiritimatiellae,o__RFP12,f__UBA1067,g__W1P29-020,s__,False,True
Rep_2,d__Bacteria;p__Verrucomicrobiota;c__Kiritimatiellae;o__RFP12;f__UBA1067;g__W1P29-020;s__,,,,,,,,,,,d__Bacteria;p__Verrucomicrobiota;c__Kiritimatiellae;o__RFP12;f__UBA1067;g__;s__,taxonomic novelty determined using RED,,,68.39,11,0.9343387033634322,,d__Bacteria,p__Verrucomicrobiota,c__Kiritimatiellae,o__RFP12,f__UBA1067,g__W1P29-020,s__,False,True
