ASM_19476_0_MAG_4	{'marker lineage': 'k__Bacteria', '# genomes': 88, '# markers': 230, '# marker sets': 148, '0': 38, '1': 187, '2': 5, '3': 0, '4': 0, '5+': 0, 'Completeness': 78.71621621621621, 'Contamination': 2.191539365452409, 'GC': 0.6988040873549607, 'GC std': 0.030896848611223705, 'Genome size': 1685491, '# ambiguous bases': 0, '# scaffolds': 424, '# contigs': 424, 'Longest scaffold': 17659, 'Longest contig': 17659, 'N50 (scaffolds)': 4615, 'N50 (contigs)': 4615, 'Mean scaffold length': 3975.2146226415093, 'Mean contig length': 3975.2146226415093, 'Coding density': 0.9353962732521265, 'Translation table': 11, '# predicted genes': 1706, 'GCN0': ['PF03461', 'PF00684', 'TIGR01019', 'PF02559', 'PF02577', 'PF03485', 'PF05188', 'PF00380', 'PF01715', 'PF01624', 'PF02873', 'PF03652', 'PF02978', 'PF02938', 'PF03772', 'PF02887', 'TIGR00755', 'PF00162', 'PF00393', 'TIGR01357', 'PF13167', 'PF00490', 'TIGR01347', 'PF08442', 'PF00707', 'TIGR01292', 'TIGR00539', 'TIGR00510', 'TIGR01362', 'TIGR00064', 'TIGR01063', 'TIGR00546', 'PF00318', 'PF01725', 'TIGR00418', 'PF05198', 'PF02934', 'TIGR00657'], 'GCN1': ['PF00237', 'PF00297', 'PF01746', 'PF01649', 'PF05697', 'PF05000', 'PF12631', 'PF01016', 'PF00573', 'PF01121', 'PF00344', 'PF08275', 'TIGR00419', 'PF00889', 'PF13184', 'PF03726', 'PF13292', 'PF02075', 'PF03602', 'PF00466', 'PF00453', 'TIGR00019', 'PF03483', 'PF03147', 'PF01386', 'PF02096', 'PF04983', 'PF00366', 'PF04565', 'PF01113', 'PF00831', 'PF01255', 'PF00298', 'PF01195', 'PF02224', 'TIGR00674', 'PF00623', 'PF04390', 'TIGR01084', 'PF02223', 'PF01409', 'PF01134', 'TIGR02432', 'PF10385', 'PF01018', 'PF00189', 'PF04998', 'PF02575', 'PF01245', 'PF00338', 'PF02033', 'PF01196', 'PF08676', 'TIGR01059', 'PF00238', 'PF08529', 'PF02542', 'PF08436', 'TIGR00595', 'PF00411', 'PF03946', 'TIGR02075', 'PF00712', 'PF04997', 'PF03840', 'PF03255', 'PF00673', 'PF00333', 'PF01000', 'PF01687', 'PF00177', 'PF02912', 'PF05491', 'PF00885', 'PF04551', 'PF00828', 'PF13603', 'PF00584', 'PF00347', 'PF00342', 'PF10150', 'PF13932', 'PF13742', 'PF01197', 'PF06574', 'PF00252', 'TIGR00615', 'PF03948', 'TIGR00460', 'PF00625', 'PF11987', 'PF01252', 'PF01084', 'PF02768', 'PF00861', 'PF00281', 'TIGR01079', 'PF00750', 'PF01411', 'PF13393', 'TIGR00393', 'PF02130', 'TIGR00644', 'PF08459', 'PF05201', 'PF02767', 'PF04560', 'TIGR01356', 'PF02403', 'PF01250', 'TIGR00515', 'PF04552', 'PF01379', 'PF01367', 'PF02367', 'TIGR00132', 'PF00312', 'TIGR03534', 'PF00562', 'PF00416', 'PF02699', 'PF03331', 'TIGR00054', 'PF00410', 'PF06689', 'PF06418', 'TIGR03594', 'TIGR00499', 'TIGR00233', 'PF04563', 'PF01119', 'TIGR00922', 'PF03484', 'PF03947', 'PF00309', 'PF00677', 'PF05190', 'PF00035', 'TIGR00234', 'PF02637', 'TIGR02397', 'PF03054', 'PF00829', 'TIGR00855', 'PF04963', 'PF01193', 'PF00763', 'PF12344', 'PF02882', 'PF02739', 'PF01264', 'PF00572', 'TIGR00128', 'PF00164', 'PF03449', 'TIGR01951', 'PF00203', 'PF00217', 'PF05192', 'PF01406', 'PF13288', 'PF02670', 'PF02410', 'PF07516', 'TIGR00329', 'PF04413', 'TIGR02012', 'PF00926', 'PF00163', 'PF01765', 'PF02606', 'PF00687', 'PF05173', 'PF02355', 'PF00181', 'TIGR00326', 'PF00276', 'PF00253', 'TIGR03723', 'PF06071', 'PF01281', 'PF02457', 'PF01668', 'PF02601', 'PF02686', 'PF05698', 'PF03719'], 'GCN2': ['PF07650', 'PF02684', 'PF00464', 'PF02591', 'PF04760'], 'GCN3': [], 'GCN4': [], 'GCN5+': []}
ASM_23511_0_MAG_0	{'marker lineage': 'k__Bacteria', '# genomes': 88, '# markers': 230, '# marker sets': 148, '0': 39, '1': 188, '2': 3, '3': 0, '4': 0, '5+': 0, 'Completeness': 81.41891891891892, 'Contamination': 0.7447985069468446, 'GC': 0.6607306365900203, 'GC std': 0.028783972453867896, 'Genome size': 2337140, '# ambiguous bases': 0, '# scaffolds': 504, '# contigs': 504, 'Longest scaffold': 32296, 'Longest contig': 32296, 'N50 (scaffolds)': 5550, 'N50 (contigs)': 5550, 'Mean scaffold length': 4637.18253968254, 'Mean contig length': 4637.18253968254, 'Coding density': 0.8594709773483831, 'Translation table': 11, '# predicted genes': 1890, 'GCN0': ['PF01649', 'TIGR01019', 'PF03726', 'PF02577', 'PF13292', 'PF01134', 'PF01196', 'PF08676', 'PF00411', 'TIGR02075', 'PF00712', 'PF03652', 'PF01000', 'PF00177', 'PF02978', 'PF13603', 'PF13932', 'PF02887', 'PF00625', 'PF00393', 'PF02768', 'TIGR01357', 'PF13167', 'PF02767', 'TIGR01347', 'PF08442', 'TIGR03534', 'PF00416', 'PF06689', 'TIGR00233', 'TIGR00510', 'PF03054', 'PF01193', 'PF01264', 'TIGR00064', 'PF00164', 'TIGR00329', 'PF00163', 'TIGR03723'], 'GCN1': ['PF00237', 'PF00297', 'PF01746', 'PF03461', 'PF05697', 'PF05000', 'PF00684', 'PF12631', 'PF01016', 'PF00573', 'PF02559', 'PF01121', 'PF00344', 'PF08275', 'TIGR00419', 'PF00889', 'PF13184', 'PF02075', 'PF00466', 'PF00453', 'TIGR00019', 'PF03483', 'PF03147', 'PF01386', 'PF02096', 'PF04983', 'PF00366', 'PF04565', 'PF01113', 'PF00831', 'PF01255', 'PF00298', 'PF03485', 'PF01195', 'PF02224', 'TIGR00674', 'PF00623', 'PF05188', 'PF04390', 'TIGR01084', 'PF02223', 'PF01409', 'PF00380', 'TIGR02432', 'PF10385', 'PF01018', 'PF01715', 'PF02684', 'PF00189', 'PF04998', 'PF02575', 'PF01245', 'PF00338', 'PF02033', 'PF01624', 'TIGR01059', 'PF00238', 'PF08529', 'PF02542', 'PF08436', 'TIGR00595', 'PF03946', 'PF04997', 'PF02873', 'PF03840', 'PF03255', 'PF00673', 'PF00333', 'PF01687', 'PF02912', 'PF05491', 'PF00885', 'PF02938', 'PF04551', 'PF00828', 'PF00584', 'PF00347', 'PF00342', 'PF10150', 'PF13742', 'PF03772', 'TIGR00755', 'PF01197', 'PF06574', 'PF00252', 'TIGR00615', 'PF03948', 'TIGR00460', 'PF11987', 'PF01252', 'PF01084', 'PF00162', 'PF00861', 'PF00281', 'TIGR01079', 'PF00750', 'PF01411', 'PF13393', 'TIGR00393', 'PF02130', 'TIGR00644', 'PF08459', 'PF05201', 'PF04560', 'TIGR01356', 'PF02403', 'PF01250', 'PF00490', 'TIGR00515', 'PF04552', 'PF01379', 'PF01367', 'PF02367', 'PF00707', 'TIGR00132', 'TIGR01292', 'PF00312', 'TIGR00539', 'PF02699', 'PF03331', 'TIGR00054', 'PF00410', 'PF06418', 'TIGR03594', 'TIGR00499', 'PF04563', 'PF01119', 'TIGR00922', 'PF03484', 'PF03947', 'PF00309', 'PF00677', 'PF05190', 'PF00035', 'TIGR00234', 'PF02637', 'TIGR02397', 'TIGR01362', 'PF00829', 'PF00464', 'TIGR00855', 'PF04963', 'PF02591', 'PF00763', 'PF12344', 'PF02882', 'PF02739', 'TIGR01063', 'PF00572', 'TIGR00546', 'TIGR00128', 'PF03449', 'TIGR01951', 'PF00318', 'PF00203', 'PF01725', 'PF00217', 'PF05192', 'PF01406', 'PF13288', 'PF02670', 'PF02410', 'TIGR00418', 'PF07516', 'PF04413', 'PF05198', 'TIGR02012', 'PF00926', 'PF02934', 'PF01765', 'PF02606', 'PF00687', 'PF05173', 'PF02355', 'PF00181', 'TIGR00326', 'PF00276', 'PF00253', 'PF06071', 'TIGR00657', 'PF01281', 'PF04760', 'PF02457', 'PF01668', 'PF02601', 'PF02686', 'PF05698', 'PF03719'], 'GCN2': ['PF07650', 'PF03602', 'PF00562'], 'GCN3': [], 'GCN4': [], 'GCN5+': []}
ASM_25755_0_MAG_4	{'marker lineage': 'k__Bacteria', '# genomes': 88, '# markers': 230, '# marker sets': 148, '0': 12, '1': 216, '2': 2, '3': 0, '4': 0, '5+': 0, 'Completeness': 92.56756756756756, 'Contamination': 0.7050528789659224, 'GC': 0.7002433658146746, 'GC std': 0.023650165586925762, 'Genome size': 2047124, '# ambiguous bases': 0, '# scaffolds': 99, '# contigs': 99, 'Longest scaffold': 88465, 'Longest contig': 88465, 'N50 (scaffolds)': 30256, 'N50 (contigs)': 30256, 'Mean scaffold length': 20678.0202020202, 'Mean contig length': 20678.0202020202, 'Coding density': 0.9322522719678925, 'Translation table': 11, '# predicted genes': 1708, 'GCN0': ['TIGR01019', 'PF02577', 'PF03652', 'PF02978', 'PF02887', 'PF00393', 'PF13167', 'TIGR01347', 'PF08442', 'PF06689', 'TIGR00510', 'TIGR00064'], 'GCN1': ['PF00237', 'PF00297', 'PF01746', 'PF01649', 'PF03461', 'PF05697', 'PF05000', 'PF00684', 'PF12631', 'PF01016', 'PF00573', 'PF02559', 'PF01121', 'PF00344', 'PF08275', 'TIGR00419', 'PF00889', 'PF13184', 'PF03726', 'PF13292', 'PF02075', 'PF03602', 'PF00466', 'PF00453', 'TIGR00019', 'PF03483', 'PF03147', 'PF01386', 'PF02096', 'PF04983', 'PF00366', 'PF04565', 'PF01113', 'PF00831', 'PF01255', 'PF00298', 'PF03485', 'PF01195', 'PF02224', 'TIGR00674', 'PF00623', 'PF05188', 'PF04390', 'TIGR01084', 'PF02223', 'PF01409', 'PF00380', 'PF01134', 'TIGR02432', 'PF10385', 'PF01018', 'PF01715', 'PF02684', 'PF00189', 'PF04998', 'PF02575', 'PF01245', 'PF00338', 'PF02033', 'PF01624', 'PF01196', 'PF08676', 'TIGR01059', 'PF00238', 'PF08529', 'PF02542', 'PF08436', 'TIGR00595', 'PF00411', 'PF03946', 'TIGR02075', 'PF00712', 'PF04997', 'PF02873', 'PF03840', 'PF03255', 'PF00673', 'PF00333', 'PF01000', 'PF01687', 'PF00177', 'PF02912', 'PF05491', 'PF00885', 'PF02938', 'PF04551', 'PF00828', 'PF13603', 'PF00584', 'PF00347', 'PF00342', 'PF10150', 'PF13932', 'PF13742', 'PF03772', 'TIGR00755', 'PF01197', 'PF06574', 'PF00252', 'TIGR00615', 'PF03948', 'TIGR00460', 'PF00625', 'PF11987', 'PF01252', 'PF01084', 'PF00162', 'PF02768', 'PF00861', 'TIGR01357', 'PF00281', 'TIGR01079', 'PF00750', 'PF01411', 'PF13393', 'TIGR00393', 'PF02130', 'TIGR00644', 'PF08459', 'PF05201', 'PF02767', 'PF04560', 'TIGR01356', 'PF02403', 'PF01250', 'PF00490', 'TIGR00515', 'PF04552', 'PF01379', 'PF01367', 'PF02367', 'PF00707', 'TIGR00132', 'TIGR01292', 'PF00312', 'TIGR00539', 'TIGR03534', 'PF00562', 'PF00416', 'PF02699', 'PF03331', 'TIGR00054', 'PF00410', 'PF06418', 'TIGR03594', 'TIGR00499', 'TIGR00233', 'PF04563', 'PF01119', 'TIGR00922', 'PF03484', 'PF03947', 'PF00309', 'PF00677', 'PF05190', 'PF00035', 'TIGR00234', 'PF02637', 'TIGR02397', 'TIGR01362', 'PF03054', 'PF00829', 'PF00464', 'TIGR00855', 'PF04963', 'PF01193', 'PF00763', 'PF12344', 'PF02882', 'PF02739', 'PF01264', 'TIGR01063', 'PF00572', 'TIGR00546', 'TIGR00128', 'PF00164', 'PF03449', 'TIGR01951', 'PF00318', 'PF00203', 'PF01725', 'PF00217', 'PF05192', 'PF01406', 'PF13288', 'PF02670', 'PF02410', 'TIGR00418', 'PF07516', 'TIGR00329', 'PF04413', 'PF05198', 'TIGR02012', 'PF00926', 'PF02934', 'PF00163', 'PF01765', 'PF02606', 'PF00687', 'PF05173', 'PF02355', 'PF00181', 'TIGR00326', 'PF00276', 'PF00253', 'TIGR03723', 'PF06071', 'TIGR00657', 'PF01281', 'PF04760', 'PF02457', 'PF01668', 'PF02601', 'PF02686', 'PF05698', 'PF03719'], 'GCN2': ['PF07650', 'PF02591'], 'GCN3': [], 'GCN4': [], 'GCN5+': []}
