ASM_19476_0_MAG_4	{'GC': 0.6988040873549607, 'GC std': 0.030896848611223705, 'Genome size': 1685491, '# ambiguous bases': 0, '# scaffolds': 424, '# contigs': 424, 'Longest scaffold': 17659, 'Longest contig': 17659, 'N50 (scaffolds)': 4615, 'N50 (contigs)': 4615, 'Mean scaffold length': 3975.2146226415093, 'Mean contig length': 3975.2146226415093, 'Coding density': 0.9353962732521265, 'Translation table': 11, '# predicted genes': 1706}
ASM_23511_0_MAG_0	{'GC': 0.6607306365900203, 'GC std': 0.028783972453867896, 'Genome size': 2337140, '# ambiguous bases': 0, '# scaffolds': 504, '# contigs': 504, 'Longest scaffold': 32296, 'Longest contig': 32296, 'N50 (scaffolds)': 5550, 'N50 (contigs)': 5550, 'Mean scaffold length': 4637.18253968254, 'Mean contig length': 4637.18253968254, 'Coding density': 0.8594709773483831, 'Translation table': 11, '# predicted genes': 1890}
ASM_25755_0_MAG_4	{'GC': 0.7002433658146746, 'GC std': 0.023650165586925762, 'Genome size': 2047124, '# ambiguous bases': 0, '# scaffolds': 99, '# contigs': 99, 'Longest scaffold': 88465, 'Longest contig': 88465, 'N50 (scaffolds)': 30256, 'N50 (contigs)': 30256, 'Mean scaffold length': 20678.0202020202, 'Mean contig length': 20678.0202020202, 'Coding density': 0.9322522719678925, 'Translation table': 11, '# predicted genes': 1708}
