ASM_19476_0_MAG_4	{'k99_40875_2': {'TIGR00419': [[5, 240]]}, 'k99_82874_4': {'TIGR00019': [[9, 314]]}, 'k99_5086_3': {'TIGR00674': [[6, 164]]}, 'k99_41707_3': {'TIGR01084': [[6, 262]]}, 'k99_70468_5': {'TIGR02432': [[13, 193]]}, 'k99_51563_4': {'TIGR01059': [[14, 822]]}, 'k99_71270_10': {'TIGR00595': [[239, 746]]}, 'k99_79870_2': {'TIGR02075': [[5, 236]]}, 'k99_79996_3': {'TIGR00615': [[2, 196]]}, 'k99_43199_2': {'TIGR00460': [[3, 308]]}, 'k99_28140_14': {'TIGR01079': [[4, 102]]}, 'k99_87655_2': {'TIGR00393': [[47, 316]]}, 'k99_61470_4': {'TIGR00644': [[24, 354]]}, 'k99_77613_1': {'TIGR01356': [[2, 379]]}, 'k99_77622_3': {'TIGR00515': [[15, 275]]}, 'k99_48828_1': {'TIGR00132': [[17, 478]]}, 'k99_41038_1': {'TIGR03534': [[8, 250]]}, 'k99_87728_4': {'TIGR00054': [[11, 257]]}, 'k99_41707_2': {'TIGR03594': [[9, 447]]}, 'k99_9861_2': {'TIGR00499': [[11, 480]]}, 'k99_64146_2': {'TIGR00233': [[2, 319]]}, 'k99_39841_4': {'TIGR00922': [[8, 201]]}, 'k99_12364_1': {'TIGR00234': [[5, 274]]}, 'k99_79996_5': {'TIGR02397': [[3, 358]]}, 'k99_25077_4': {'TIGR00855': [[2, 121]]}, 'k99_5886_6': {'TIGR00128': [[4, 284]]}, 'k99_21083_3': {'TIGR01951': [[7, 159]]}, 'k99_16277_2': {'TIGR00329': [[4, 327]], 'TIGR03723': [[3, 331]]}, 'k99_10691_3': {'TIGR02012': [[16, 332]]}, 'k99_6359_2': {'TIGR00326': [[13, 335]]}, 'k99_28140_8': {'PF00237.14': [[5, 108]]}, 'k99_4480_3': {'PF02224.13': [[556, 710]]}, 'k99_28140_3': {'PF00297.17': [[8, 202]]}, 'k99_35986_5': {'PF01746.16': [[26, 221]]}, 'k99_10400_7': {'PF01649.13': [[2, 84]]}, 'k99_7947_4': {'PF05697.8': [[1, 145]], 'PF05698.9': [[269, 422]]}, 'k99_2209_2': {'PF04998.12': [[623, 1177]], 'PF04997.7': [[22, 189]], 'PF00623.15': [[191, 332]], 'PF04983.13': [[337, 505]], 'PF05000.12': [[534, 611]]}, 'k99_7924_2': {'PF11987.3': [[392, 494]], 'PF04760.10': [[14, 59]]}, 'k99_83401_1': {'PF04760.10': [[3, 46]]}, 'k99_44723_4': {'PF12631.2': [[3, 35]]}, 'k99_28140_9': {'PF00189.15': [[119, 202]], 'PF07650.12': [[39, 110]]}, 'k99_61895_2': {'PF07650.12': [[208, 262]]}, 'k99_60567_2': {'PF02223.12': [[9, 195]]}, 'k99_50915_5': {'PF01016.14': [[2, 70]]}, 'k99_28140_4': {'PF00573.17': [[30, 209]]}, 'k99_56994_1': {'PF13292.1': [[14, 289]]}, 'k99_57506_4': {'PF01121.15': [[5, 182]]}, 'k99_60565_2': {'PF00344.15': [[75, 432]]}, 'k99_80385_1': {'PF08275.6': [[121, 252]]}, 'k99_41038_4': {'PF00889.14': [[20, 238]]}, 'k99_83401_2': {'PF08529.6': [[6, 125]], 'PF13184.1': [[230, 295]]}, 'k99_70399_3': {'PF03726.9': [[246, 326]]}, 'k99_86895_4': {'PF02075.12': [[8, 154]]}, 'k99_45074_1': {'PF03602.10': [[1, 156]]}, 'k99_25077_3': {'PF00466.15': [[11, 102]]}, 'k99_65613_8': {'PF00453.13': [[1, 112]]}, 'k99_37983_3': {'PF03483.12': [[218, 391]], 'PF03147.9': [[711, 804]], 'PF03484.10': [[411, 476]]}, 'k99_27516_2': {'PF01386.14': [[6, 93]]}, 'k99_28614_4': {'PF02096.15': [[356, 546]]}, 'k99_28140_12': {'PF00366.15': [[16, 84]]}, 'k99_27313_2': {'PF00562.23': [[606, 1216]], 'PF04565.11': [[456, 525]], 'PF04560.15': [[1218, 1291]], 'PF10385.4': [[534, 599]], 'PF04563.10': [[20, 451]]}, 'k99_70957_2': {'PF06418.9': [[1, 273]]}, 'k99_35770_3': {'PF05173.9': [[116, 252]], 'PF01113.15': [[1, 113]]}, 'k99_28140_11': {'PF00831.18': [[3, 62]]}, 'k99_30089_2': {'PF01255.14': [[9, 228]]}, 'k99_63420_3': {'PF13603.1': [[223, 408]]}, 'k99_25077_1': {'PF03946.9': [[8, 66]], 'PF00298.14': [[71, 139]]}, 'k99_39561_3': {'PF02739.11': [[6, 154]], 'PF01367.15': [[174, 269]]}, 'k99_27516_3': {'PF01195.14': [[3, 188]]}, 'k99_61319_3': {'PF04390.7': [[12, 163]]}, 'k99_88483_3': {'PF12344.3': [[562, 605]]}, 'k99_10400_2': {'PF02670.11': [[5, 119]], 'PF08436.7': [[133, 231]], 'PF13288.1': [[263, 358]]}, 'k99_87921_1': {'PF01409.15': [[90, 337]], 'PF02912.13': [[20, 84]]}, 'k99_85153_4': {'PF13393.1': [[11, 315]]}, 'k99_84669_2': {'PF01134.17': [[8, 230]], 'PF13932.1': [[592, 660]]}, 'k99_50915_6': {'PF01018.17': [[6, 161]]}, 'k99_81622_4': {'PF02403.17': [[1, 108]]}, 'k99_35595_2': {'PF06071.8': [[283, 366]]}, 'k99_76473_1': {'PF02684.10': [[10, 146]]}, 'k99_9517_2': {'PF02684.10': [[3, 193]]}, 'k99_79996_4': {'PF02575.11': [[7, 97]]}, 'k99_35986_4': {'PF01245.15': [[10, 115]]}, 'k99_28140_2': {'PF00338.17': [[6, 101]]}, 'k99_87624_1': {'PF00464.14': [[1, 216]]}, 'k99_57506_1': {'PF00464.14': [[156, 318]]}, 'k99_7924_1': {'PF02033.13': [[5, 110]]}, 'k99_71270_2': {'PF01196.14': [[20, 116]]}, 'k99_60947_1': {'PF01119.14': [[213, 326]], 'PF08676.6': [[415, 488]]}, 'k99_28140_13': {'PF00238.14': [[1, 121]]}, 'k99_79560_3': {'PF02542.11': [[3, 155]]}, 'k99_57812_3': {'PF00411.14': [[56, 165]]}, 'k99_26135_4': {'PF00712.14': [[1, 121]], 'PF02768.10': [[249, 367]], 'PF02767.11': [[133, 244]]}, 'k99_27250_1': {'PF02601.10': [[131, 340]], 'PF13742.1': [[10, 105]]}, 'k99_17482_2': {'PF03840.9': [[8, 80]]}, 'k99_77622_2': {'PF03255.9': [[33, 125]]}, 'k99_28140_15': {'PF00673.16': [[82, 174]], 'PF00281.14': [[24, 78]]}, 'k99_28140_20': {'PF03719.10': [[87, 159]], 'PF00333.15': [[12, 76]]}, 'k99_57812_1': {'PF01000.21': [[64, 154]], 'PF01193.19': [[31, 219]]}, 'k99_11485_1': {'PF01687.12': [[99, 225]], 'PF06574.7': [[14, 83]]}, 'k99_58632_2': {'PF00177.16': [[2, 148]]}, 'k99_30816_2': {'PF05491.8': [[245, 319]]}, 'k99_21083_4': {'PF00885.14': [[11, 154]]}, 'k99_41467_3': {'PF04551.9': [[7, 355]]}, 'k99_28140_21': {'PF00828.14': [[27, 118]]}, 'k99_39841_3': {'PF00584.15': [[3, 58]]}, 'k99_28140_18': {'PF00347.18': [[11, 83]]}, 'k99_66904_6': {'PF00342.14': [[44, 525]]}, 'k99_7108_4': {'PF10150.4': [[1, 227]]}, 'k99_82874_3': {'PF01197.13': [[1, 66]]}, 'k99_28140_10': {'PF00252.13': [[5, 133]]}, 'k99_38527_5': {'PF01281.14': [[4, 49]], 'PF03948.9': [[65, 152]]}, 'k99_52518_1': {'PF06689.8': [[11, 48]]}, 'k99_85460_3': {'PF00625.16': [[5, 190]]}, 'k99_80066_4': {'PF01252.13': [[10, 148]]}, 'k99_38527_6': {'PF01084.15': [[29, 79]]}, 'k99_28140_19': {'PF00861.17': [[8, 116]]}, 'k99_69745_1': {'PF07516.8': [[513, 719]]}, 'k99_85705_3': {'PF00750.14': [[9, 337]]}, 'k99_14101_2': {'PF01411.14': [[9, 464]]}, 'k99_26748_5': {'PF02130.12': [[31, 151]]}, 'k99_5886_2': {'PF08459.6': [[266, 417]]}, 'k99_6608_2': {'PF05201.10': [[8, 120]]}, 'k99_27516_4': {'PF01250.12': [[2, 91]]}, 'k99_82151_1': {'PF04552.8': [[76, 230]]}, 'k99_6608_1': {'PF01379.15': [[4, 205]]}, 'k99_68625_3': {'PF02367.12': [[1, 81]]}, 'k99_44723_3': {'PF00312.17': [[4, 84]]}, 'k99_57812_4': {'PF00416.17': [[3, 109]]}, 'k99_70126_2': {'PF02699.10': [[40, 118]]}, 'k99_56741_3': {'PF03331.8': [[46, 331]]}, 'k99_28140_17': {'PF00410.14': [[4, 130]]}, 'k99_28140_6': {'PF03947.13': [[126, 251]], 'PF00181.18': [[42, 118]]}, 'k99_1044_1': {'PF04963.8': [[110, 249]], 'PF00309.15': [[11, 57]]}, 'k99_66904_7': {'PF00677.12': [[102, 186]]}, 'k99_79919_2': {'PF05192.13': [[14, 306]], 'PF05190.13': [[174, 264]]}, 'k99_44485_2': {'PF00035.20': [[153, 217]]}, 'k99_31714_1': {'PF02637.13': [[27, 174]]}, 'k99_50915_3': {'PF03054.11': [[1, 333]]}, 'k99_50915_4': {'PF00829.16': [[4, 97]]}, 'k99_11485_4': {'PF02591.10': [[50, 102]]}, 'k99_51351_4': {'PF02591.10': [[191, 236]]}, 'k99_81433_2': {'PF02882.14': [[124, 291]], 'PF00763.18': [[5, 121]]}, 'k99_21540_1': {'PF01264.16': [[3, 137]]}, 'k99_64785_1': {'PF00572.13': [[17, 142]]}, 'k99_58632_3': {'PF00164.20': [[2, 121]]}, 'k99_19747_3': {'PF03449.10': [[551, 617]]}, 'k99_28140_7': {'PF00203.16': [[3, 83]]}, 'k99_85460_6': {'PF00217.14': [[101, 243]]}, 'k99_61319_1': {'PF01406.14': [[16, 275]]}, 'k99_50491_4': {'PF02410.10': [[12, 106]]}, 'k99_35527_1': {'PF04413.11': [[31, 169]]}, 'k99_60753_1': {'PF00926.14': [[11, 207]]}, 'k99_57812_2': {'PF00163.14': [[2, 91]]}, 'k99_79870_3': {'PF01765.14': [[22, 185]]}, 'k99_14604_4': {'PF02606.9': [[38, 384]]}, 'k99_57823_1': {'PF02355.11': [[572, 666]]}, 'k99_25077_2': {'PF00687.16': [[27, 219]]}, 'k99_28140_5': {'PF00276.15': [[3, 89]]}, 'k99_28140_16': {'PF00253.16': [[8, 60]]}, 'k99_79155_3': {'PF02457.11': [[111, 225]]}, 'k99_17482_4': {'PF01668.13': [[14, 81]]}, 'k99_48828_2': {'PF02686.10': [[17, 83]]}}
ASM_23511_0_MAG_0	{'k119_75056_2': {'TIGR00419': [[5, 240]]}, 'k119_28624_8': {'TIGR00019': [[16, 353]]}, 'k119_19525_1': {'TIGR00674': [[6, 286]]}, 'k119_47647_4': {'TIGR01084': [[44, 300]]}, 'k119_48825_1': {'TIGR02432': [[14, 195]]}, 'k119_55160_3': {'TIGR01059': [[16, 824]]}, 'k119_16542_1': {'TIGR00595': [[236, 630]]}, 'k119_56186_2': {'TIGR00755': [[42, 298]]}, 'k119_59914_1': {'TIGR00615': [[2, 196]]}, 'k119_69160_3': {'TIGR00460': [[5, 310]]}, 'k119_52295_14': {'TIGR01079': [[4, 103]]}, 'k119_29787_2': {'TIGR00393': [[47, 316]]}, 'k119_4460_1': {'TIGR00644': [[62, 582]]}, 'k119_28104_2': {'TIGR01356': [[15, 426]]}, 'k119_16556_2': {'TIGR00515': [[16, 274]]}, 'k119_59271_3': {'TIGR00132': [[20, 479]]}, 'k119_28561_1': {'TIGR01292': [[2, 302]]}, 'k119_65676_2': {'TIGR00539': [[33, 290]]}, 'k119_17726_3': {'TIGR00054': [[12, 279]]}, 'k119_67169_1': {'TIGR03594': [[2, 437]]}, 'k119_60213_3': {'TIGR00499': [[8, 480]]}, 'k119_5641_4': {'TIGR00922': [[8, 203]]}, 'k119_3796_9': {'TIGR00234': [[4, 424]]}, 'k119_11589_2': {'TIGR02397': [[3, 358]]}, 'k119_20790_9': {'TIGR01362': [[20, 274]]}, 'k119_5641_8': {'TIGR00855': [[2, 121]]}, 'k119_21000_1': {'TIGR01063': [[13, 810]]}, 'k119_13139_1': {'TIGR00546': [[70, 487]]}, 'k119_69664_9': {'TIGR00128': [[4, 284]]}, 'k119_47657_3': {'TIGR01951': [[7, 162]]}, 'k119_58340_1': {'TIGR00418': [[1, 402]]}, 'k119_75232_1': {'TIGR02012': [[15, 331]]}, 'k119_69160_1': {'TIGR00326': [[10, 333]]}, 'k119_13350_4': {'TIGR00657': [[3, 309]]}, 'k119_52295_8': {'PF00237.14': [[5, 108]]}, 'k119_9401_1': {'PF02224.13': [[424, 575]]}, 'k119_34420_5': {'PF02938.9': [[316, 405]]}, 'k119_52295_3': {'PF00297.17': [[8, 202]]}, 'k119_71639_4': {'PF03461.10': [[542, 622]], 'PF02559.11': [[27, 98]]}, 'k119_20790_10': {'PF07516.8': [[721, 927]]}, 'k119_71639_2': {'PF01746.16': [[26, 221]]}, 'k119_3255_1': {'PF05698.9': [[210, 356]], 'PF05697.8': [[2, 87]]}, 'k119_56608_2': {'PF04997.7': [[19, 344]], 'PF04998.12': [[778, 1332]], 'PF00623.15': [[346, 487]], 'PF04983.13': [[492, 660]], 'PF05000.12': [[689, 766]]}, 'k119_53273_1': {'PF11987.3': [[288, 386]]}, 'k119_33_1': {'PF00684.14': [[156, 217]]}, 'k119_63155_1': {'PF12631.2': [[21, 90]]}, 'k119_52295_9': {'PF00189.15': [[119, 202]], 'PF07650.12': [[38, 110]]}, 'k119_48627_7': {'PF07650.12': [[218, 271]]}, 'k119_64707_2': {'PF01016.14': [[2, 68]]}, 'k119_52295_4': {'PF00573.17': [[30, 211]]}, 'k119_28624_16': {'PF01121.15': [[4, 164]]}, 'k119_52295_22': {'PF00344.15': [[76, 430]]}, 'k119_60596_2': {'PF08275.6': [[124, 252]]}, 'k119_61138_2': {'PF00889.14': [[57, 275]]}, 'k119_18852_2': {'PF08529.6': [[6, 125]], 'PF13184.1': [[230, 294]]}, 'k119_20501_3': {'PF02075.12': [[12, 158]]}, 'k119_49467_1': {'PF03602.10': [[1, 95]]}, 'k119_73528_1': {'PF03602.10': [[76, 147]]}, 'k119_5641_7': {'PF00466.15': [[11, 102]]}, 'k119_49699_2': {'PF00453.13': [[1, 112]]}, 'k119_43066_1': {'PF03483.12': [[218, 391]], 'PF03147.9': [[711, 804]], 'PF03484.10': [[411, 476]]}, 'k119_8631_7': {'PF01386.14': [[6, 93]]}, 'k119_14974_2': {'PF02096.15': [[354, 544]]}, 'k119_52295_12': {'PF00366.15': [[16, 84]]}, 'k119_58617_1': {'PF00562.23': [[607, 856]], 'PF04565.11': [[458, 527]], 'PF10385.4': [[536, 601]], 'PF04563.10': [[20, 453]]}, 'k119_56608_1': {'PF00562.23': [[1, 369]], 'PF04560.15': [[371, 444]]}, 'k119_19525_2': {'PF05173.9': [[115, 251]], 'PF01113.15': [[1, 112]]}, 'k119_52295_11': {'PF00831.18': [[3, 61]]}, 'k119_10142_5': {'PF01255.14': [[7, 226]]}, 'k119_5641_5': {'PF03946.9': [[8, 66]], 'PF00298.14': [[71, 139]]}, 'k119_67451_5': {'PF02739.11': [[6, 164]], 'PF01367.15': [[174, 268]]}, 'k119_52727_4': {'PF00750.14': [[102, 438]], 'PF03485.11': [[26, 86]]}, 'k119_8631_6': {'PF01195.14': [[4, 187]]}, 'k119_35137_2': {'PF05192.13': [[272, 564]], 'PF01624.15': [[9, 116]], 'PF05190.13': [[432, 522]], 'PF05188.12': [[125, 250]]}, 'k119_23534_2': {'PF04390.7': [[11, 167]]}, 'k119_24824_2': {'PF12344.3': [[562, 605]]}, 'k119_64291_3': {'PF02223.12': [[9, 194]]}, 'k119_47647_6': {'PF01409.15': [[91, 338]], 'PF02912.13': [[20, 85]]}, 'k119_41706_1': {'PF13393.1': [[11, 222]]}, 'k119_60852_2': {'PF00380.14': [[10, 130]]}, 'k119_64707_3': {'PF01018.17': [[6, 161]]}, 'k119_55171_1': {'PF02403.17': [[1, 108]]}, 'k119_13152_2': {'PF01715.12': [[10, 193]]}, 'k119_50854_4': {'PF06071.8': [[283, 366]]}, 'k119_63155_4': {'PF02684.10': [[9, 351]]}, 'k119_11589_3': {'PF02575.11': [[7, 100]]}, 'k119_71639_1': {'PF01245.15': [[9, 115]]}, 'k119_52295_2': {'PF00338.17': [[6, 101]]}, 'k119_53273_2': {'PF02033.13': [[5, 110]]}, 'k119_52295_13': {'PF00238.14': [[1, 121]]}, 'k119_68172_2': {'PF02542.11': [[1, 156]]}, 'k119_49376_4': {'PF08436.7': [[133, 230]], 'PF02670.11': [[5, 119]], 'PF13288.1': [[262, 357]]}, 'k119_14537_3': {'PF02873.11': [[697, 758]]}, 'k119_45844_3': {'PF02601.10': [[128, 446]], 'PF13742.1': [[6, 102]]}, 'k119_48540_5': {'PF03840.9': [[7, 78]]}, 'k119_16556_3': {'PF03255.9': [[54, 145]]}, 'k119_52295_15': {'PF00673.16': [[83, 174]], 'PF00281.14': [[24, 78]]}, 'k119_52295_20': {'PF03719.10': [[89, 161]], 'PF00333.15': [[14, 78]]}, 'k119_16055_7': {'PF06574.7': [[13, 158]], 'PF01687.12': [[174, 297]]}, 'k119_43508_3': {'PF05491.8': [[325, 399]]}, 'k119_47657_2': {'PF00885.14': [[11, 153]]}, 'k119_21050_1': {'PF04551.9': [[2, 184]]}, 'k119_52295_21': {'PF00828.14': [[28, 147]]}, 'k119_5641_3': {'PF00584.15': [[4, 60]]}, 'k119_52295_18': {'PF00347.18': [[11, 83]]}, 'k119_24824_5': {'PF00342.14': [[44, 525]]}, 'k119_48193_2': {'PF10150.4': [[139, 410]]}, 'k119_21013_1': {'PF03772.11': [[230, 517]]}, 'k119_28624_7': {'PF01197.13': [[1, 66]]}, 'k119_52295_10': {'PF00252.13': [[5, 133]]}, 'k119_8631_2': {'PF03948.9': [[65, 152]], 'PF01281.14': [[3, 49]]}, 'k119_818_2': {'PF01252.13': [[11, 149]]}, 'k119_8631_3': {'PF01084.15': [[28, 79]]}, 'k119_31620_3': {'PF00162.14': [[5, 402]]}, 'k119_52295_19': {'PF00861.17': [[6, 116]]}, 'k119_64096_1': {'PF01411.14': [[9, 463]]}, 'k119_25847_2': {'PF02130.12': [[21, 148]]}, 'k119_31921_2': {'PF08459.6': [[266, 419]]}, 'k119_12100_1': {'PF05201.10': [[179, 292]]}, 'k119_8631_5': {'PF01250.12': [[2, 91]]}, 'k119_49839_1': {'PF00490.16': [[2, 316]]}, 'k119_61886_10': {'PF04552.8': [[333, 488]], 'PF04963.8': [[116, 307]], 'PF00309.15': [[11, 57]]}, 'k119_12100_2': {'PF01379.15': [[6, 179]]}, 'k119_38972_7': {'PF02367.12': [[14, 133]]}, 'k119_58340_2': {'PF05198.11': [[21, 92]], 'PF00707.17': [[98, 184]]}, 'k119_47124_1': {'PF00312.17': [[4, 84]]}, 'k119_32123_2': {'PF02699.10': [[35, 113]]}, 'k119_40697_1': {'PF03331.8': [[13, 299]]}, 'k119_52295_17': {'PF00410.14': [[4, 130]]}, 'k119_66664_1': {'PF06418.9': [[1, 222]]}, 'k119_1167_1': {'PF01119.14': [[268, 377]]}, 'k119_52295_6': {'PF03947.13': [[125, 251]], 'PF00181.18': [[42, 118]]}, 'k119_24824_6': {'PF00677.12': [[7, 93]]}, 'k119_75064_3': {'PF00035.20': [[147, 210]]}, 'k119_64291_2': {'PF01406.14': [[21, 318]]}, 'k119_59271_4': {'PF02934.10': [[4, 287]], 'PF02637.13': [[326, 473]]}, 'k119_64707_1': {'PF00829.16': [[4, 97]]}, 'k119_7632_4': {'PF00464.14': [[155, 531]]}, 'k119_47610_4': {'PF02591.10': [[178, 235]]}, 'k119_23310_1': {'PF02882.14': [[124, 291]], 'PF00763.18': [[4, 121]]}, 'k119_60852_1': {'PF00572.13': [[17, 142]]}, 'k119_74985_2': {'PF03449.10': [[546, 613]]}, 'k119_61138_3': {'PF00318.15': [[73, 286]]}, 'k119_52295_7': {'PF00203.16': [[3, 83]]}, 'k119_53361_5': {'PF01725.11': [[4, 187]]}, 'k119_43191_3': {'PF00217.14': [[114, 244]]}, 'k119_60129_6': {'PF02410.10': [[12, 106]]}, 'k119_57354_1': {'PF04413.11': [[31, 218]]}, 'k119_47657_1': {'PF00926.14': [[9, 205]]}, 'k119_74556_2': {'PF01765.14': [[21, 185]]}, 'k119_50455_1': {'PF02606.9': [[41, 386]]}, 'k119_5641_6': {'PF00687.16': [[21, 219]]}, 'k119_32123_1': {'PF02355.11': [[348, 506]]}, 'k119_52295_5': {'PF00276.15': [[3, 88]]}, 'k119_52295_16': {'PF00253.16': [[8, 60]]}, 'k119_18852_1': {'PF04760.10': [[274, 322]]}, 'k119_27131_4': {'PF02457.11': [[111, 230]]}, 'k119_48540_7': {'PF01668.13': [[15, 80]]}, 'k119_59271_2': {'PF02686.10': [[17, 83]]}}
ASM_25755_0_MAG_4	{'k99_22927_22': {'TIGR00419': [[5, 240]]}, 'k99_77424_22': {'TIGR00019': [[9, 357]]}, 'k99_76358_15': {'TIGR00674': [[6, 286]]}, 'k99_8244_60': {'TIGR01084': [[6, 262]]}, 'k99_68780_11': {'TIGR02432': [[13, 193]]}, 'k99_21016_1': {'TIGR01059': [[14, 822]]}, 'k99_77424_1': {'TIGR00595': [[239, 746]]}, 'k99_8661_22': {'TIGR02075': [[2, 200]]}, 'k99_22164_10': {'TIGR00755': [[18, 273]]}, 'k99_20991_16': {'TIGR00615': [[2, 196]]}, 'k99_63080_29': {'TIGR00460': [[3, 311]]}, 'k99_22927_2': {'TIGR01357': [[184, 516]]}, 'k99_78548_17': {'TIGR01079': [[4, 102]]}, 'k99_67653_53': {'TIGR00393': [[47, 316]]}, 'k99_83885_7': {'TIGR00644': [[24, 541]]}, 'k99_85799_22': {'TIGR01356': [[17, 428]]}, 'k99_78548_45': {'TIGR00515': [[15, 275]]}, 'k99_85799_7': {'TIGR00132': [[17, 478]]}, 'k99_29163_5': {'TIGR01292': [[4, 303]]}, 'k99_67653_56': {'TIGR00539': [[4, 265]]}, 'k99_77424_14': {'TIGR03534': [[38, 292]]}, 'k99_63080_5': {'TIGR00054': [[11, 261]]}, 'k99_72518_1': {'TIGR03594': [[8, 446]]}, 'k99_78548_59': {'TIGR00499': [[11, 480]]}, 'k99_1878_25': {'TIGR00233': [[2, 319]]}, 'k99_18707_7': {'TIGR00922': [[8, 207]]}, 'k99_83570_9': {'TIGR00234': [[5, 423]]}, 'k99_20991_18': {'TIGR02397': [[3, 358]]}, 'k99_1930_14': {'TIGR01362': [[20, 274]]}, 'k99_18707_3': {'TIGR00855': [[2, 121]]}, 'k99_57226_17': {'TIGR01063': [[16, 820]]}, 'k99_8661_16': {'TIGR00546': [[58, 463]]}, 'k99_29163_41': {'TIGR00128': [[4, 284]]}, 'k99_68864_7': {'TIGR01951': [[7, 159]]}, 'k99_39628_1': {'TIGR00418': [[9, 575]]}, 'k99_40172_31': {'TIGR00329': [[4, 327]], 'TIGR03723': [[3, 331]]}, 'k99_8424_17': {'TIGR02012': [[16, 332]]}, 'k99_39628_4': {'TIGR00326': [[13, 335]]}, 'k99_31109_16': {'TIGR00657': [[3, 453]]}, 'k99_78548_23': {'PF00237.14': [[5, 108]]}, 'k99_76358_19': {'PF02224.13': [[742, 896]]}, 'k99_29163_9': {'PF02938.9': [[316, 405]]}, 'k99_78548_28': {'PF00297.17': [[8, 202]]}, 'k99_33565_60': {'PF03461.10': [[945, 1025]], 'PF02559.11': [[408, 501]]}, 'k99_68780_16': {'PF01746.16': [[26, 221]]}, 'k99_67050_9': {'PF01649.13': [[2, 84]]}, 'k99_11325_11': {'PF05697.8': [[1, 145]], 'PF05698.9': [[269, 422]]}, 'k99_77471_7': {'PF04997.7': [[20, 345]], 'PF04998.12': [[779, 1339]], 'PF00623.15': [[347, 488]], 'PF04983.13': [[493, 661]], 'PF05000.12': [[690, 767]]}, 'k99_33504_10': {'PF11987.3': [[651, 751]], 'PF04760.10': [[271, 316]]}, 'k99_83864_6': {'PF00684.14': [[158, 219]]}, 'k99_86794_7': {'PF12631.2': [[366, 431]]}, 'k99_78548_22': {'PF00189.15': [[119, 202]], 'PF07650.12': [[39, 110]]}, 'k99_11325_5': {'PF07650.12': [[207, 262]]}, 'k99_2365_21': {'PF02223.12': [[9, 195]]}, 'k99_78548_69': {'PF01016.14': [[2, 70]]}, 'k99_78548_27': {'PF00573.17': [[30, 209]]}, 'k99_2365_11': {'PF13292.1': [[14, 289]]}, 'k99_1878_56': {'PF01121.15': [[5, 178]]}, 'k99_78548_9': {'PF00344.15': [[75, 432]]}, 'k99_8244_52': {'PF08275.6': [[121, 252]]}, 'k99_77424_11': {'PF00889.14': [[58, 276]]}, 'k99_33504_11': {'PF08529.6': [[6, 125]], 'PF13184.1': [[230, 295]]}, 'k99_33565_19': {'PF03726.9': [[246, 326]]}, 'k99_82197_19': {'PF02075.12': [[8, 154]]}, 'k99_82878_15': {'PF03602.10': [[1, 180]]}, 'k99_18707_4': {'PF00466.15': [[11, 102]]}, 'k99_29163_30': {'PF00453.13': [[1, 112]]}, 'k99_69094_22': {'PF03483.12': [[218, 391]], 'PF03147.9': [[711, 804]], 'PF03484.10': [[411, 476]]}, 'k99_7096_3': {'PF01386.14': [[6, 93]]}, 'k99_31109_5': {'PF02096.15': [[356, 546]]}, 'k99_78548_19': {'PF00366.15': [[16, 84]]}, 'k99_77471_8': {'PF00562.23': [[606, 1216]], 'PF04565.11': [[456, 525]], 'PF04560.15': [[1218, 1291]], 'PF10385.4': [[534, 599]], 'PF04563.10': [[20, 451]]}, 'k99_67050_4': {'PF06418.9': [[3, 275]]}, 'k99_76358_14': {'PF05173.9': [[116, 252]], 'PF01113.15': [[1, 113]]}, 'k99_78548_20': {'PF00831.18': [[3, 62]]}, 'k99_8424_10': {'PF01255.14': [[9, 228]]}, 'k99_82878_6': {'PF13603.1': [[223, 408]]}, 'k99_18707_6': {'PF03946.9': [[8, 66]], 'PF00298.14': [[71, 139]]}, 'k99_67653_6': {'PF02739.11': [[6, 154]], 'PF01367.15': [[174, 269]]}, 'k99_61755_1': {'PF03485.11': [[27, 86]]}, 'k99_7096_4': {'PF01195.14': [[3, 188]]}, 'k99_86794_8': {'PF01379.15': [[4, 205]]}, 'k99_8315_6': {'PF05192.13': [[271, 563]], 'PF01624.15': [[9, 116]], 'PF05190.13': [[431, 521]], 'PF05188.12': [[125, 254]]}, 'k99_2365_18': {'PF04390.7': [[12, 163]]}, 'k99_84956_17': {'PF12344.3': [[562, 605]]}, 'k99_67050_14': {'PF02670.11': [[5, 119]], 'PF08436.7': [[133, 231]], 'PF13288.1': [[263, 358]]}, 'k99_8244_58': {'PF01409.15': [[90, 337]], 'PF02912.13': [[20, 84]]}, 'k99_1878_8': {'PF13393.1': [[11, 315]]}, 'k99_47269_16': {'PF00380.14': [[10, 130]]}, 'k99_33513_2': {'PF01134.17': [[8, 235]], 'PF13932.1': [[592, 660]]}, 'k99_78548_70': {'PF01018.17': [[6, 161]]}, 'k99_82197_28': {'PF02403.17': [[1, 108]]}, 'k99_66246_12': {'PF01715.12': [[36, 273]]}, 'k99_87093_7': {'PF06071.8': [[283, 366]]}, 'k99_8244_47': {'PF02684.10': [[10, 350]]}, 'k99_20991_17': {'PF02575.11': [[7, 97]]}, 'k99_68780_17': {'PF01245.15': [[10, 115]]}, 'k99_78548_29': {'PF00338.17': [[6, 101]]}, 'k99_4336_3': {'PF00464.14': [[156, 531]]}, 'k99_33504_9': {'PF02033.13': [[5, 110]]}, 'k99_78548_2': {'PF01196.14': [[20, 116]]}, 'k99_2365_12': {'PF01119.14': [[213, 326]], 'PF08676.6': [[415, 551]]}, 'k99_78548_18': {'PF00238.14': [[1, 121]]}, 'k99_67653_15': {'PF02542.11': [[3, 155]]}, 'k99_78548_5': {'PF00411.14': [[56, 165]]}, 'k99_33513_4': {'PF00712.14': [[1, 121]], 'PF02768.10': [[249, 367]], 'PF02767.11': [[133, 244]]}, 'k99_72518_6': {'PF02873.11': [[699, 787]]}, 'k99_64184_10': {'PF02601.10': [[128, 447]], 'PF13742.1': [[7, 102]]}, 'k99_33565_51': {'PF03840.9': [[8, 80]]}, 'k99_78548_44': {'PF03255.9': [[33, 125]]}, 'k99_78548_16': {'PF00673.16': [[82, 174]], 'PF00281.14': [[24, 78]]}, 'k99_78548_11': {'PF03719.10': [[87, 159]], 'PF00333.15': [[12, 76]]}, 'k99_78548_3': {'PF01000.21': [[64, 154]], 'PF01193.19': [[31, 227]]}, 'k99_33504_7': {'PF01687.12': [[176, 302]], 'PF06574.7': [[16, 160]]}, 'k99_78548_73': {'PF00177.16': [[2, 148]]}, 'k99_2365_16': {'PF05491.8': [[245, 319]]}, 'k99_68864_6': {'PF00885.14': [[11, 154]]}, 'k99_63080_6': {'PF04551.9': [[7, 355]]}, 'k99_78548_10': {'PF00828.14': [[27, 147]]}, 'k99_18707_8': {'PF00584.15': [[3, 58]]}, 'k99_78548_13': {'PF00347.18': [[11, 83]]}, 'k99_69094_12': {'PF00342.14': [[44, 525]]}, 'k99_20870_4': {'PF10150.4': [[142, 413]]}, 'k99_55190_22': {'PF03772.11': [[228, 514]]}, 'k99_77424_23': {'PF01197.13': [[1, 66]]}, 'k99_78548_21': {'PF00252.13': [[5, 133]]}, 'k99_7096_8': {'PF01281.14': [[4, 49]], 'PF03948.9': [[65, 152]]}, 'k99_2365_1': {'PF00625.16': [[5, 190]]}, 'k99_66246_11': {'PF01252.13': [[10, 148]]}, 'k99_7096_7': {'PF01084.15': [[29, 79]]}, 'k99_8315_5': {'PF00162.14': [[5, 405]]}, 'k99_78548_12': {'PF00861.17': [[8, 116]]}, 'k99_58365_3': {'PF07516.8': [[721, 927]]}, 'k99_47433_5': {'PF00750.14': [[3, 328]]}, 'k99_52198_6': {'PF01411.14': [[9, 464]]}, 'k99_52198_10': {'PF02130.12': [[29, 151]]}, 'k99_29163_37': {'PF08459.6': [[266, 417]]}, 'k99_86794_9': {'PF05201.10': [[175, 288]]}, 'k99_7096_5': {'PF01250.12': [[2, 91]]}, 'k99_67653_34': {'PF00490.16': [[1, 293]]}, 'k99_18743_21': {'PF04552.8': [[339, 493]], 'PF04963.8': [[110, 310]], 'PF00309.15': [[11, 57]]}, 'k99_40172_26': {'PF02367.12': [[15, 139]]}, 'k99_39628_2': {'PF05198.11': [[21, 92]], 'PF00707.17': [[98, 184]]}, 'k99_86794_6': {'PF00312.17': [[4, 84]]}, 'k99_78548_6': {'PF00416.17': [[3, 109]]}, 'k99_33565_27': {'PF02699.10': [[40, 118]]}, 'k99_58359_18': {'PF03331.8': [[46, 331]]}, 'k99_78548_14': {'PF00410.14': [[4, 130]]}, 'k99_78548_25': {'PF03947.13': [[126, 251]], 'PF00181.18': [[42, 118]]}, 'k99_69094_11': {'PF00677.12': [[102, 186]]}, 'k99_47269_10': {'PF00035.20': [[153, 217]]}, 'k99_2365_20': {'PF01406.14': [[16, 317]]}, 'k99_85799_6': {'PF02934.10': [[4, 287]], 'PF02637.13': [[326, 473]]}, 'k99_78548_66': {'PF03054.11': [[1, 333]]}, 'k99_78548_68': {'PF00829.16': [[4, 97]]}, 'k99_33504_4': {'PF02591.10': [[50, 102]]}, 'k99_67050_19': {'PF02591.10': [[191, 236]]}, 'k99_63080_22': {'PF02882.14': [[124, 291]], 'PF00763.18': [[5, 121]]}, 'k99_1878_37': {'PF01264.16': [[3, 350]]}, 'k99_47269_15': {'PF00572.13': [[17, 142]]}, 'k99_78548_72': {'PF00164.20': [[2, 121]]}, 'k99_1930_2': {'PF03449.10': [[551, 617]]}, 'k99_77424_10': {'PF00318.15': [[10, 223]]}, 'k99_78548_24': {'PF00203.16': [[3, 83]]}, 'k99_64184_8': {'PF01725.11': [[3, 187]]}, 'k99_2365_4': {'PF00217.14': [[101, 243]]}, 'k99_67653_42': {'PF02410.10': [[12, 106]]}, 'k99_25113_7': {'PF04413.11': [[31, 218]]}, 'k99_68864_5': {'PF00926.14': [[13, 209]]}, 'k99_78548_4': {'PF00163.14': [[2, 91]]}, 'k99_8661_21': {'PF01765.14': [[22, 185]]}, 'k99_18743_5': {'PF02606.9': [[38, 384]]}, 'k99_33565_26': {'PF02355.11': [[682, 857]]}, 'k99_18707_5': {'PF00687.16': [[27, 219]]}, 'k99_78548_26': {'PF00276.15': [[3, 89]]}, 'k99_78548_15': {'PF00253.16': [[8, 60]]}, 'k99_20991_21': {'PF02457.11': [[111, 230]]}, 'k99_33565_49': {'PF01668.13': [[14, 81]]}, 'k99_85799_8': {'PF02686.10': [[17, 83]]}}
