Running pplacer v1.1.alpha19-0-g807f6f3 analysis on GutReferenceSet/GutReferenceSet/Demo/quality/files_0_100/checkM/storage/tree/concatenated.fasta...
Didn't find any reference sequences in given alignment file. Using supplied reference alignment.
Pre-masking sequences... sequence length cut from 6988 to 6289.
Warning: pplacer results make the most sense when the given tree is multifurcating at the root. See manual for details.
Determining figs... figs disabled.
Allocating memory for internal nodes... done.
Caching likelihood information on reference tree... done.
Pulling exponents... done.
Preparing the edges for baseball... done.
working on ASM_25755_0_MAG_4 (1/3)...
working on ASM_19476_0_MAG_4 (2/3)...
working on ASM_23511_0_MAG_0 (3/3)...
