#                                                                            --- full sequence --- -------------- this domain -------------   hmm coord   ali coord   env coord
# target name        accession   tlen query name           accession   qlen   E-value  score  bias   #  of  c-Evalue  i-Evalue  score  bias  from    to  from    to  from    to  acc description of target
#------------------- ---------- ----- -------------------- ---------- ----- --------- ------ ----- --- --- --------- --------- ------ ----- ----- ----- ----- ----- ----- ----- ---- ---------------------
k119_52295_6         -            275 Ribosomal_L2         PF00181.18    77   1.3e-32  108.6   0.1   1   1   1.5e-35   2.9e-32  107.6   0.1     1    77    42   118    42   118 0.99 # 4239 # 5063 # 1 # ID=322_6;partial=00;start_type=ATG;rbs_motif=AGGA;rbs_spacer=5-10bp;gc_cont=0.698
k119_52295_9         -            230 Ribosomal_S3_C       PF00189.15    85   5.9e-30  100.4   1.4   1   1   3.1e-33   5.9e-30  100.4   1.4     1    85   119   202   119   202 0.97 # 5708 # 6397 # 1 # ID=322_9;partial=00;start_type=TTG;rbs_motif=AGGAG;rbs_spacer=5-10bp;gc_cont=0.639
k119_52295_7         -             93 Ribosomal_S19        PF00203.16    81   2.1e-37  123.7   0.9   1   1   1.3e-40   2.4e-37  123.5   0.9     1    81     3    83     3    83 0.99 # 5070 # 5348 # 1 # ID=322_7;partial=00;start_type=ATG;rbs_motif=AGGAG/GGAGG;rbs_spacer=11-12bp;gc_cont=0.595
k119_52295_8         -            111 Ribosomal_L22        PF00237.14   105   4.7e-31  103.9   0.2   1   1   2.8e-34   5.3e-31  103.7   0.2     1   104     5   108     5   109 0.98 # 5361 # 5693 # 1 # ID=322_8;partial=00;start_type=ATG;rbs_motif=AGxAGG/AGGxGG;rbs_spacer=5-10bp;gc_cont=0.676
k119_52295_13        -            122 Ribosomal_L14        PF00238.14   122   9.8e-48  158.0   0.2   1   1   5.7e-51   1.1e-47  157.9   0.2     1   122     1   121     1   121 0.98 # 7265 # 7630 # 1 # ID=322_13;partial=00;start_type=ATG;rbs_motif=AGGAG;rbs_spacer=5-10bp;gc_cont=0.667
k119_52295_10        -            136 Ribosomal_L16        PF00252.13   133   7.5e-48  158.7   0.2   1   1   4.4e-51   8.4e-48  158.5   0.2     1   132     5   133     5   134 0.99 # 6381 # 6788 # 1 # ID=322_10;partial=00;start_type=ATG;rbs_motif=AGGAG;rbs_spacer=5-10bp;gc_cont=0.642
k119_52295_5         -             91 Ribosomal_L23        PF00276.15    92   7.7e-19   64.5   0.5   1   1   4.5e-22   8.5e-19   64.4   0.5     2    87     3    88     2    90 0.88 # 3943 # 4215 # 1 # ID=322_5;partial=00;start_type=ATG;rbs_motif=AGxAGG/AGGxGG;rbs_spacer=5-10bp;gc_cont=0.659
k119_52295_15        -            177 Ribosomal_L5         PF00281.14    56   1.1e-17   60.7   0.3   1   1   2.6e-20   2.4e-17   59.5   0.3     1    56    24    78    24    78 0.94 # 8080 # 8610 # 1 # ID=322_15;partial=00;start_type=ATG;rbs_motif=AGGAG;rbs_spacer=5-10bp;gc_cont=0.612
k119_43469_1         -            504 Ribosomal_L5         PF00281.14    56    0.0063   13.3   0.0   1   1   1.3e-05     0.012   12.4   0.0    22    47   231   254   224   255 0.90 # 136 # 1647 # -1 # ID=259_1;partial=00;start_type=ATG;rbs_motif=GGA/GAG/AGG;rbs_spacer=5-10bp;gc_cont=0.697
k119_52295_3         -            212 Ribosomal_L3         PF00297.17   263   1.1e-32  110.5   6.5   1   1   5.4e-34     1e-30  104.1   6.5     1   262     8   202     8   203 0.97 # 2641 # 3276 # 1 # ID=322_3;partial=00;start_type=ATG;rbs_motif=AGGAG;rbs_spacer=5-10bp;gc_cont=0.692
k119_5641_5          -            142 Ribosomal_L11        PF00298.14    69   1.3e-28   96.0   1.4   1   1   1.2e-31   2.3e-28   95.2   1.4     1    69    71   139    71   139 0.99 # 2496 # 2921 # 1 # ID=35_5;partial=00;start_type=ATG;rbs_motif=AGGA;rbs_spacer=5-10bp;gc_cont=0.608
k119_47124_1         -             86 Ribosomal_S15        PF00312.17    83   7.2e-29   96.5   4.2   1   1   4.3e-32     8e-29   96.3   4.2     3    83     4    84     2    84 0.98 # 208 # 465 # 1 # ID=272_1;partial=00;start_type=ATG;rbs_motif=GGAG/GAGG;rbs_spacer=5-10bp;gc_cont=0.566
k119_61138_3         -            374 Ribosomal_S2         PF00318.15   211   1.7e-78  259.7   0.0   1   1   1.2e-81   2.2e-78  259.3   0.0     1   207    73   286    73   290 0.98 # 1102 # 2223 # -1 # ID=396_3;partial=00;start_type=ATG;rbs_motif=None;rbs_spacer=None;gc_cont=0.669
k119_52295_20        -            163 Ribosomal_S5         PF00333.15    67   8.8e-27   89.7   3.2   1   1   1.6e-29   1.6e-26   88.9   3.2     1    65    14    78    14    80 0.97 # 10166 # 10654 # 1 # ID=322_20;partial=00;start_type=ATG;rbs_motif=GGAGG;rbs_spacer=5-10bp;gc_cont=0.665
k119_8631_2          -            153 Ribosomal_S5         PF00333.15    67    0.0023   14.7   1.2   1   1   3.7e-06    0.0035   14.1   1.2     4    65    57   121    54   123 0.85 # 1880 # 2338 # -1 # ID=53_2;partial=00;start_type=ATG;rbs_motif=AGGA;rbs_spacer=5-10bp;gc_cont=0.647
k119_52295_12        -             88 Ribosomal_S17        PF00366.15    69     9e-28   93.2   2.0   1   1   5.9e-31   1.1e-27   92.9   2.0     1    69    16    84    16    84 0.99 # 6998 # 7261 # 1 # ID=322_12;partial=00;start_type=ATG;rbs_motif=AGxAGG/AGGxGG;rbs_spacer=5-10bp;gc_cont=0.591
k119_60852_2         -            131 Ribosomal_S9         PF00380.14   121   1.7e-45  151.3   0.4   1   1   9.9e-49   1.9e-45  151.1   0.4     1   121    10   130    10   130 1.00 # 726 # 1118 # 1 # ID=393_2;partial=00;start_type=ATG;rbs_motif=AGGA;rbs_spacer=5-10bp;gc_cont=0.659
k119_52295_17        -            131 Ribosomal_S8         PF00410.14   129   1.1e-44  148.5   0.0   1   1   6.3e-48   1.2e-44  148.3   0.0     1   129     4   130     4   130 0.98 # 8828 # 9220 # 1 # ID=322_17;partial=00;start_type=ATG;rbs_motif=GGAG/GAGG;rbs_spacer=5-10bp;gc_cont=0.669
k119_69255_1         -            297 Ribosomal_S11        PF00411.14   110    0.0034   14.6   4.8   1   2   6.7e-06    0.0063   13.7   0.3    42    96    61   115    52   125 0.86 # 2 # 892 # 1 # ID=468_1;partial=10;start_type=Edge;rbs_motif=None;rbs_spacer=None;gc_cont=0.684
k119_69255_1         -            297 Ribosomal_S11        PF00411.14   110    0.0034   14.6   4.8   2   2     0.018        17    2.7   0.5     4    78   132   208   129   226 0.64 # 2 # 892 # 1 # ID=468_1;partial=10;start_type=Edge;rbs_motif=None;rbs_spacer=None;gc_cont=0.684
k119_52295_19        -            124 Ribosomal_S11        PF00411.14   110     0.007   13.6   0.8   1   1   1.1e-05      0.01   13.1   0.8    31    91    56   118    41   121 0.79 # 9794 # 10165 # 1 # ID=322_19;partial=00;start_type=ATG;rbs_motif=AGGAG;rbs_spacer=5-10bp;gc_cont=0.664
k119_5641_7          -            182 Ribosomal_L10        PF00466.15   100     2e-17   60.0   0.0   1   1   1.6e-20     3e-17   59.5   0.0     7    99    11   102     1   103 0.91 # 3623 # 4168 # 1 # ID=35_7;partial=00;start_type=ATG;rbs_motif=AGGAG;rbs_spacer=5-10bp;gc_cont=0.634
k119_56608_1         -            472 RNA_pol_Rpb2_6       PF00562.23   386   2.6e-86  286.8   0.0   1   1   3.5e-89   3.3e-86  286.5   0.0   177   386     1   369     1   369 0.98 # 1 # 1416 # 1 # ID=357_1;partial=10;start_type=Edge;rbs_motif=None;rbs_spacer=None;gc_cont=0.679
k119_58617_1         -            856 RNA_pol_Rpb2_6       PF00562.23   386   5.1e-57  190.4   0.0   1   1   1.1e-59     1e-56  189.4   0.0     1   182   607   856   607   856 0.97 # 3 # 2570 # -1 # ID=374_1;partial=10;start_type=ATG;rbs_motif=GGAG/GAGG;rbs_spacer=5-10bp;gc_cont=0.653
k119_60852_1         -            145 Ribosomal_L13        PF00572.13   128   4.6e-46  153.1   0.0   1   1   2.8e-49   5.3e-46  152.9   0.0     1   126    17   142    17   144 0.98 # 266 # 700 # 1 # ID=393_1;partial=00;start_type=ATG;rbs_motif=GGA/GAG/AGG;rbs_spacer=5-10bp;gc_cont=0.639
k119_52295_4         -            222 Ribosomal_L4         PF00573.17   192   5.9e-57  189.2   0.0   1   1   3.7e-60     7e-57  189.0   0.0    14   192    30   211    19   211 0.95 # 3276 # 3941 # 1 # ID=322_4;partial=00;start_type=ATG;rbs_motif=AGxAGG/AGGxGG;rbs_spacer=5-10bp;gc_cont=0.670
k119_56608_2         -           1449 RNA_pol_Rpb1_2       PF00623.15   166   1.8e-52  174.7   0.2   1   1   9.9e-55   1.9e-51  171.4   0.0     1   165   346   487   346   488 0.96 # 1437 # 5783 # 1 # ID=357_2;partial=00;start_type=ATG;rbs_motif=GGAGG;rbs_spacer=5-10bp;gc_cont=0.657
k119_52295_15        -            177 Ribosomal_L5_C       PF00673.16    95   1.4e-32  108.4   0.1   1   2     0.068        64    0.5   0.0    44    79    37    71    35    80 0.71 # 8080 # 8610 # 1 # ID=322_15;partial=00;start_type=ATG;rbs_motif=AGGAG;rbs_spacer=5-10bp;gc_cont=0.612
k119_52295_15        -            177 Ribosomal_L5_C       PF00673.16    95   1.4e-32  108.4   0.1   2   2     1e-34   9.8e-32  105.6   0.0     2    95    83   174    82   174 0.98 # 8080 # 8610 # 1 # ID=322_15;partial=00;start_type=ATG;rbs_motif=AGGAG;rbs_spacer=5-10bp;gc_cont=0.612
k119_11589_3         -            104 Ribosomal_L5_C       PF00673.16    95    0.0068   13.2   0.2   1   2     0.089        84    0.1   0.0    66    78    33    50    13    65 0.59 # 3582 # 3893 # 1 # ID=68_3;partial=00;start_type=ATG;rbs_motif=AGGA;rbs_spacer=5-10bp;gc_cont=0.580
k119_11589_3         -            104 Ribosomal_L5_C       PF00673.16    95    0.0068   13.2   0.2   2   2   3.3e-05     0.031   11.1   0.0    11    48    65   102    61   102 0.94 # 3582 # 3893 # 1 # ID=68_3;partial=00;start_type=ATG;rbs_motif=AGGA;rbs_spacer=5-10bp;gc_cont=0.580
k119_5641_6          -            228 Ribosomal_L1         PF00687.16   220   1.1e-42  142.9   0.0   1   1   6.7e-46   1.3e-42  142.7   0.0    13   219    21   219     2   220 0.89 # 2932 # 3615 # 1 # ID=35_6;partial=00;start_type=ATG;rbs_motif=AGGAG;rbs_spacer=5-10bp;gc_cont=0.655
k119_52295_11        -             66 Ribosomal_L29        PF00831.18    58   3.8e-16   55.6   2.9   1   1   2.2e-19   4.2e-16   55.4   2.9     1    58     3    61     3    61 0.95 # 6804 # 7001 # 1 # ID=322_11;partial=00;start_type=ATG;rbs_motif=GGAG/GAGG;rbs_spacer=5-10bp;gc_cont=0.586
k119_52295_19        -            124 Ribosomal_L18p       PF00861.17   119   3.7e-27   92.0   4.7   1   1   2.4e-30   4.6e-27   91.7   4.7     2   119     6   116     5   116 0.91 # 9794 # 10165 # 1 # ID=322_19;partial=00;start_type=ATG;rbs_motif=AGGAG;rbs_spacer=5-10bp;gc_cont=0.664
k119_48540_6         -             83 RNA_pol_Rpb6         PF01192.17    57   5.7e-08   29.5   0.1   1   1   4.5e-11   8.6e-08   28.9   0.1    13    53    19    60    18    61 0.96 # 4184 # 4432 # 1 # ID=287_6;partial=00;start_type=ATG;rbs_motif=AGGA;rbs_spacer=5-10bp;gc_cont=0.622
k119_53273_3         -            176 TruB_N               PF01509.13   149   1.3e-44  149.0   0.0   1   1   7.8e-48   1.5e-44  148.8   0.0     1   141    30   175    30   176 0.94 # 1980 # 2507 # 1 # ID=329_3;partial=01;start_type=ATG;rbs_motif=None;rbs_spacer=None;gc_cont=0.678
k119_52295_20        -            163 Ribosomal_S5_C       PF03719.10    74   1.6e-32  107.7   0.3   1   1   2.9e-35   2.8e-32  106.9   0.3     1    73    89   161    89   162 0.98 # 10166 # 10654 # 1 # ID=322_20;partial=00;start_type=ATG;rbs_motif=GGAGG;rbs_spacer=5-10bp;gc_cont=0.665
k119_5641_6          -            228 Ribosomal_S5_C       PF03719.10    74   0.00012   18.4   0.2   1   2   1.2e-06    0.0012   15.2   0.1    31    69    91   129    66   134 0.84 # 2932 # 3615 # 1 # ID=35_6;partial=00;start_type=ATG;rbs_motif=AGGAG;rbs_spacer=5-10bp;gc_cont=0.655
k119_5641_6          -            228 Ribosomal_S5_C       PF03719.10    74   0.00012   18.4   0.2   2   2     0.062        58    0.1   0.0    47    64   182   199   177   204 0.78 # 2932 # 3615 # 1 # ID=35_6;partial=00;start_type=ATG;rbs_motif=AGGAG;rbs_spacer=5-10bp;gc_cont=0.655
k119_5641_5          -            142 Ribosomal_L11_N      PF03946.9     60   2.9e-32  107.0   0.7   1   1   2.5e-35   4.7e-32  106.3   0.7     1    60     8    66     8    66 0.98 # 2496 # 2921 # 1 # ID=35_5;partial=00;start_type=ATG;rbs_motif=AGGA;rbs_spacer=5-10bp;gc_cont=0.608
k119_52295_6         -            275 Ribosomal_L2_C       PF03947.13   130   1.7e-52  173.7   1.1   1   1   1.5e-55   2.9e-52  172.9   1.1     2   129   125   251   124   252 0.98 # 4239 # 5063 # 1 # ID=322_6;partial=00;start_type=ATG;rbs_motif=AGGA;rbs_spacer=5-10bp;gc_cont=0.698
k119_56608_1         -            472 RNA_pol_Rpb2_7       PF04560.15    82     5e-28   94.3   0.1   1   1   7.7e-31   1.5e-27   92.8   0.1     1    79   371   444   371   446 0.98 # 1 # 1416 # 1 # ID=357_1;partial=10;start_type=Edge;rbs_motif=None;rbs_spacer=None;gc_cont=0.679
k119_58617_1         -            856 RNA_pol_Rpb2_2       PF04561.9    190   3.5e-23   79.0   0.5   1   2   6.4e-09   1.2e-05   21.8   0.0     1    85   140   225   140   248 0.78 # 3 # 2570 # -1 # ID=374_1;partial=10;start_type=ATG;rbs_motif=GGAG/GAGG;rbs_spacer=5-10bp;gc_cont=0.653
k119_58617_1         -            856 RNA_pol_Rpb2_2       PF04561.9    190   3.5e-23   79.0   0.5   2   2   3.8e-19   7.1e-16   55.2   0.3    85   190   282   395   271   395 0.90 # 3 # 2570 # -1 # ID=374_1;partial=10;start_type=ATG;rbs_motif=GGAG/GAGG;rbs_spacer=5-10bp;gc_cont=0.653
k119_58617_1         -            856 RNA_pol_Rpb2_1       PF04563.10   203   2.8e-21   72.4   0.0   1   1   3.6e-24   6.8e-21   71.2   0.0     1   202    20   453    20   454 0.97 # 3 # 2570 # -1 # ID=374_1;partial=10;start_type=ATG;rbs_motif=GGAG/GAGG;rbs_spacer=5-10bp;gc_cont=0.653
k119_58617_1         -            856 RNA_pol_Rpb2_3       PF04565.11    68   5.2e-29   96.9   0.0   1   1   5.1e-32   9.6e-29   96.0   0.0     1    68   458   527   458   527 0.99 # 3 # 2570 # -1 # ID=374_1;partial=10;start_type=ATG;rbs_motif=GGAG/GAGG;rbs_spacer=5-10bp;gc_cont=0.653
k119_56608_2         -           1449 RNA_pol_Rpb1_1       PF04997.7    337   1.8e-97  323.6   0.0   1   1  1.9e-100   3.5e-97  322.7   0.0     5   337    19   344    16   344 0.94 # 1437 # 5783 # 1 # ID=357_2;partial=00;start_type=ATG;rbs_motif=GGAGG;rbs_spacer=5-10bp;gc_cont=0.657
k119_56608_2         -           1449 RNA_pol_Rpb1_4       PF05000.12   108   1.9e-16   56.8   0.7   1   1   2.8e-19   5.2e-16   55.4   0.0     1    83   689   766   689   783 0.85 # 1437 # 5783 # 1 # ID=357_2;partial=00;start_type=ATG;rbs_motif=GGAGG;rbs_spacer=5-10bp;gc_cont=0.657
k119_53273_1         -            497 IF-2                 PF11987.3    109   1.8e-27   92.4   1.3   1   2     0.056     1e+02   -0.1   0.0     8    49    61   104    56   109 0.76 # 1 # 1491 # 1 # ID=329_1;partial=10;start_type=Edge;rbs_motif=None;rbs_spacer=None;gc_cont=0.661
k119_53273_1         -            497 IF-2                 PF11987.3    109   1.8e-27   92.4   1.3   2   2     4e-30   7.6e-27   90.4   0.2     8   108   288   386   281   387 0.92 # 1 # 1491 # 1 # ID=329_1;partial=10;start_type=Edge;rbs_motif=None;rbs_spacer=None;gc_cont=0.661
k119_64096_1         -            608 TIGR00344            TIGR00344    847  1.8e-190  631.9   0.0   1   2  2.4e-142  2.2e-139  462.9   0.0     2   430     9   441     8   452 0.94 # 133 # 1956 # 1 # ID=425_1;partial=00;start_type=ATG;rbs_motif=AGGAG;rbs_spacer=5-10bp;gc_cont=0.658
k119_64096_1         -            608 TIGR00344            TIGR00344    847  1.8e-190  631.9   0.0   2   2   7.2e-53   6.8e-50  166.8   0.4   552   696   454   598   447   606 0.96 # 133 # 1956 # 1 # ID=425_1;partial=00;start_type=ATG;rbs_motif=AGGAG;rbs_spacer=5-10bp;gc_cont=0.658
k119_55197_5         -            182 TIGR00344            TIGR00344    847   2.9e-10   35.8   0.0   1   1   3.5e-13   3.3e-10   35.6   0.0   556   680     9   137     4   176 0.86 # 1978 # 2523 # 1 # ID=344_5;partial=01;start_type=ATG;rbs_motif=AGGAG;rbs_spacer=5-10bp;gc_cont=0.658
k119_61169_3         -            891 TIGR00422            TIGR00422    863         0 1023.0   0.0   1   1         0         0 1022.7   0.0     1   859     2   870     2   874 0.95 # 1537 # 4209 # 1 # ID=397_3;partial=00;start_type=ATG;rbs_motif=AGxAGG/AGGxGG;rbs_spacer=5-10bp;gc_cont=0.657
k119_56012_4         -            757 TIGR00422            TIGR00422    863  1.7e-109  363.8   0.0   1   2   8.2e-36   2.6e-33  111.8   0.0     6   233    10   247     5   257 0.94 # 1864 # 4134 # 1 # ID=347_4;partial=01;start_type=ATG;rbs_motif=None;rbs_spacer=None;gc_cont=0.657
k119_56012_4         -            757 TIGR00422            TIGR00422    863  1.7e-109  363.8   0.0   2   2   1.1e-77   3.6e-75  250.2   0.0   255   678   310   755   297   757 0.89 # 1864 # 4134 # 1 # ID=347_4;partial=01;start_type=ATG;rbs_motif=None;rbs_spacer=None;gc_cont=0.657
k119_62360_9         -            836 TIGR00422            TIGR00422    863   5.2e-91  302.6   3.9   1   5   5.2e-38   1.6e-35  119.0   1.9     1   188     1   172     1   175 0.91 # 8019 # 10526 # -1 # ID=408_9;partial=00;start_type=ATG;rbs_motif=AGGA;rbs_spacer=5-10bp;gc_cont=0.644
k119_62360_9         -            836 TIGR00422            TIGR00422    863   5.2e-91  302.6   3.9   2   5     9e-08   2.8e-05   19.0   0.4   342   418   175   249   172   253 0.92 # 8019 # 10526 # -1 # ID=408_9;partial=00;start_type=ATG;rbs_motif=AGGA;rbs_spacer=5-10bp;gc_cont=0.644
k119_62360_9         -            836 TIGR00422            TIGR00422    863   5.2e-91  302.6   3.9   3   5    0.0017      0.53    4.9   0.1   201   240   235   272   227   276 0.81 # 8019 # 10526 # -1 # ID=408_9;partial=00;start_type=ATG;rbs_motif=AGGA;rbs_spacer=5-10bp;gc_cont=0.644
k119_62360_9         -            836 TIGR00422            TIGR00422    863   5.2e-91  302.6   3.9   4   5   3.4e-09   1.1e-06   23.7   0.0   242   333   310   417   299   422 0.87 # 8019 # 10526 # -1 # ID=408_9;partial=00;start_type=ATG;rbs_motif=AGGA;rbs_spacer=5-10bp;gc_cont=0.644
k119_62360_9         -            836 TIGR00422            TIGR00422    863   5.2e-91  302.6   3.9   5   5   3.3e-42     1e-39  132.9   0.0   398   727   423   778   418   814 0.87 # 8019 # 10526 # -1 # ID=408_9;partial=00;start_type=ATG;rbs_motif=AGGA;rbs_spacer=5-10bp;gc_cont=0.644
k119_50910_1         -            284 TIGR00422            TIGR00422    863   3.6e-14   48.4   0.0   1   2   9.3e-16   2.9e-13   45.4   0.0   685   842     1   160     1   173 0.89 # 1 # 852 # 1 # ID=312_1;partial=10;start_type=Edge;rbs_motif=None;rbs_spacer=None;gc_cont=0.696
k119_50910_1         -            284 TIGR00422            TIGR00422    863   3.6e-14   48.4   0.0   2   2     0.027       8.4    0.9   0.0   729   775   206   250   195   265 0.80 # 1 # 852 # 1 # ID=312_1;partial=10;start_type=Edge;rbs_motif=None;rbs_spacer=None;gc_cont=0.696
k119_57002_3         -            688 TIGR00422            TIGR00422    863   5.2e-14   47.9   0.9   1   2   5.5e-10   1.7e-07   26.3   0.1    40    86    11    57     2    71 0.88 # 1541 # 3604 # 1 # ID=361_3;partial=00;start_type=ATG;rbs_motif=GGAGG;rbs_spacer=5-10bp;gc_cont=0.665
k119_57002_3         -            688 TIGR00422            TIGR00422    863   5.2e-14   47.9   0.9   2   2   9.2e-08   2.9e-05   19.0   0.0   511   648   313   448   250   503 0.65 # 1541 # 3604 # 1 # ID=361_3;partial=00;start_type=ATG;rbs_motif=GGAGG;rbs_spacer=5-10bp;gc_cont=0.665
k119_64291_2         -            471 TIGR00422            TIGR00422    863   0.00034   15.4   0.0   1   1   1.5e-06   0.00046   15.0   0.0   480   574   226   319   207   349 0.80 # 1930 # 3342 # 1 # ID=427_2;partial=00;start_type=ATG;rbs_motif=AGGAG;rbs_spacer=5-10bp;gc_cont=0.653
#
# Program:         hmmsearch
# Version:         3.2 (June 2018)
# Pipeline mode:   SEARCH
# Query file:      /tmp/22fa26a4-08e0-4b81-ad4c-7385238c564a
# Target file:     GutReferenceSet/GutReferenceSet/Demo/quality/files_0_100/checkM/bins/ASM_23511_0_MAG_0/genes.faa
# Option settings: hmmsearch --domtblout GutReferenceSet/GutReferenceSet/Demo/quality/files_0_100/checkM/bins/ASM_23511_0_MAG_0/hmmer.tree.txt --noali --notextw -E 0.1 --domE 0.1 --cpu 1 /tmp/22fa26a4-08e0-4b81-ad4c-7385238c564a GutReferenceSet/GutReferenceSet/Demo/quality/files_0_100/checkM/bins/ASM_23511_0_MAG_0/genes.faa
# Current dir:     GutReferenceSet/GutReferenceSet/Build_Species_Set
# Date:            Tue May 10 12:46:43 2022
# [ok]
