GutReferenceSet/GutReferenceSet/Demo/ASM_25755_0_MAG_4.fa	1
GutReferenceSet/GutReferenceSet/Demo/ASM_23511_0_MAG_0.fa	2
