#                                                                            --- full sequence --- -------------- this domain -------------   hmm coord   ali coord   env coord
# target name        accession   tlen query name           accession   qlen   E-value  score  bias   #  of  c-Evalue  i-Evalue  score  bias  from    to  from    to  from    to  acc description of target
#------------------- ---------- ----- -------------------- ---------- ----- --------- ------ ----- --- --- --------- --------- ------ ----- ----- ----- ----- ----- ----- ----- ---- ---------------------
k99_58632_3          -            131 Ribosom_S12_S23      PF00164.20   122   1.5e-54  179.5   1.1   1   1     1e-57   1.7e-54  179.3   1.1     1   120     2   121     2   123 0.99 # 1179 # 1571 # -1 # ID=240_3;partial=00;start_type=ATG;rbs_motif=AGGA;rbs_spacer=5-10bp;gc_cont=0.679
k99_58632_2          -            156 Ribosomal_S7         PF00177.16   148   1.8e-57  190.0   1.7   1   1   1.2e-60     2e-57  189.8   1.7     3   148     2   148     1   148 0.98 # 697 # 1164 # -1 # ID=240_2;partial=00;start_type=ATG;rbs_motif=AGGAG;rbs_spacer=5-10bp;gc_cont=0.667
k99_28140_6          -            275 Ribosomal_L2         PF00181.18    77   3.4e-32  107.2   0.0   1   1   4.2e-35   7.2e-32  106.1   0.0     1    77    42   118    42   118 0.99 # 3075 # 3899 # 1 # ID=123_6;partial=00;start_type=ATG;rbs_motif=AGGA;rbs_spacer=5-10bp;gc_cont=0.713
k99_28140_9          -            229 Ribosomal_S3_C       PF00189.15    85   1.5e-29   98.9   1.3   1   1     9e-33   1.5e-29   98.9   1.3     1    85   119   202   119   202 0.97 # 4551 # 5237 # 1 # ID=123_9;partial=00;start_type=TTG;rbs_motif=AGGAG;rbs_spacer=5-10bp;gc_cont=0.645
k99_28140_7          -             93 Ribosomal_S19        PF00203.16    81     2e-37  123.6   0.5   1   1   1.3e-40   2.3e-37  123.4   0.5     1    81     3    83     3    83 0.99 # 3906 # 4184 # 1 # ID=123_7;partial=00;start_type=ATG;rbs_motif=AGGAG/GGAGG;rbs_spacer=11-12bp;gc_cont=0.627
k99_28140_8          -            111 Ribosomal_L22        PF00237.14   105     1e-28   96.2   0.1   1   1   6.9e-32   1.2e-28   96.1   0.1     1   104     5   108     5   109 0.98 # 4203 # 4535 # 1 # ID=123_8;partial=00;start_type=ATG;rbs_motif=AGGAG;rbs_spacer=5-10bp;gc_cont=0.685
k99_28140_13         -            122 Ribosomal_L14        PF00238.14   122   2.5e-46  153.3   0.2   1   1   1.6e-49   2.8e-46  153.2   0.2     1   122     1   121     1   121 0.98 # 6107 # 6472 # 1 # ID=123_13;partial=00;start_type=ATG;rbs_motif=AGGAG;rbs_spacer=5-10bp;gc_cont=0.683
k99_28140_10         -            136 Ribosomal_L16        PF00252.13   133   1.1e-47  158.1   0.1   1   1     7e-51   1.2e-47  157.9   0.1     1   132     5   133     5   134 0.98 # 5221 # 5628 # 1 # ID=123_10;partial=00;start_type=ATG;rbs_motif=AGGAG;rbs_spacer=5-10bp;gc_cont=0.662
k99_28140_5          -             91 Ribosomal_L23        PF00276.15    92   2.7e-19   65.8   0.6   1   1   1.8e-22     3e-19   65.7   0.6     2    88     3    89     2    90 0.88 # 2776 # 3048 # 1 # ID=123_5;partial=00;start_type=ATG;rbs_motif=AGxAGG/AGGxGG;rbs_spacer=5-10bp;gc_cont=0.648
k99_28140_15         -            177 Ribosomal_L5         PF00281.14    56   1.2e-18   63.6   0.3   1   1   1.5e-21   2.5e-18   62.5   0.2     1    56    24    78    24    78 0.94 # 6915 # 7445 # 1 # ID=123_15;partial=00;start_type=ATG;rbs_motif=AGGAG;rbs_spacer=5-10bp;gc_cont=0.642
k99_28140_3          -            209 Ribosomal_L3         PF00297.17   263   6.7e-36  120.9   4.8   1   1   1.4e-37   2.4e-34  115.8   4.8     1   262     8   202     8   203 0.97 # 1468 # 2094 # 1 # ID=123_3;partial=00;start_type=ATG;rbs_motif=AGGAG;rbs_spacer=5-10bp;gc_cont=0.702
k99_25077_1          -            142 Ribosomal_L11        PF00298.14    69   3.7e-28   94.4   1.5   1   1   2.2e-31   3.7e-28   94.4   1.5     1    69    71   139    71   139 0.99 # 139 # 564 # 1 # ID=104_1;partial=00;start_type=ATG;rbs_motif=AGGA;rbs_spacer=5-10bp;gc_cont=0.650
k99_44723_3          -             86 Ribosomal_S15        PF00312.17    83     7e-29   96.4   2.9   1   1   4.7e-32   7.9e-29   96.2   2.9     3    83     4    84     2    84 0.98 # 2080 # 2337 # -1 # ID=192_3;partial=00;start_type=ATG;rbs_motif=AGGA;rbs_spacer=5-10bp;gc_cont=0.620
k99_28140_20         -            161 Ribosomal_S5         PF00333.15    67   3.9e-27   90.7   2.1   1   1   4.2e-30   7.1e-27   89.9   2.1     1    65    12    76    12    78 0.96 # 9002 # 9484 # 1 # ID=123_20;partial=00;start_type=ATG;rbs_motif=GGAGG;rbs_spacer=5-10bp;gc_cont=0.683
k99_28140_12         -             88 Ribosomal_S17        PF00366.15    69   1.3e-30  102.2   1.6   1   1   8.9e-34   1.5e-30  102.0   1.6     1    69    16    84    16    84 0.99 # 5840 # 6103 # 1 # ID=123_12;partial=00;start_type=ATG;rbs_motif=AGxAGG/AGGxGG;rbs_spacer=5-10bp;gc_cont=0.640
k99_28140_17         -            131 Ribosomal_S8         PF00410.14   129   3.5e-45  149.9   0.0   1   1   2.3e-48   3.9e-45  149.7   0.0     1   129     4   130     4   130 0.98 # 7661 # 8053 # 1 # ID=123_17;partial=00;start_type=ATG;rbs_motif=GGA/GAG/AGG;rbs_spacer=5-10bp;gc_cont=0.679
k99_57812_3          -            167 Ribosomal_S11        PF00411.14   110   4.6e-40  133.1   1.9   1   2     0.026        45    1.2   1.6    43    72    28    56    18    58 0.76 # 1344 # 1844 # -1 # ID=237_3;partial=00;start_type=ATG;rbs_motif=AGGA;rbs_spacer=5-10bp;gc_cont=0.685
k99_57812_3          -            167 Ribosomal_S11        PF00411.14   110   4.6e-40  133.1   1.9   2   2   2.7e-43   4.6e-40  133.1   1.9     1   110    56   165    56   165 0.99 # 1344 # 1844 # -1 # ID=237_3;partial=00;start_type=ATG;rbs_motif=AGGA;rbs_spacer=5-10bp;gc_cont=0.685
k99_25077_3          -            180 Ribosomal_L10        PF00466.15   100   4.6e-18   61.9   0.0   1   1   4.3e-21   7.3e-18   61.3   0.0     7    99    11   102     1   103 0.91 # 1264 # 1803 # 1 # ID=104_3;partial=00;start_type=ATG;rbs_motif=AGGAG;rbs_spacer=5-10bp;gc_cont=0.680
k99_27313_2          -           1314 RNA_pol_Rpb2_6       PF00562.23   386  7.2e-151  499.2   0.0   1   1  1.4e-153  2.4e-150  497.4   0.0     2   386   606  1216   605  1216 0.98 # 250 # 4191 # -1 # ID=116_2;partial=00;start_type=ATG;rbs_motif=GGAG/GAGG;rbs_spacer=5-10bp;gc_cont=0.663
k99_64785_1          -            145 Ribosomal_L13        PF00572.13   128   6.8e-46  152.4   0.0   1   1   4.5e-49   7.7e-46  152.2   0.0     1   126    17   142    17   144 0.98 # 82 # 516 # -1 # ID=271_1;partial=00;start_type=ATG;rbs_motif=GGA/GAG/AGG;rbs_spacer=5-10bp;gc_cont=0.674
k99_28140_4          -            223 Ribosomal_L4         PF00573.17   192   6.6e-57  188.9   0.0   1   1   4.8e-60   8.1e-57  188.6   0.0    14   190    30   209    22   211 0.96 # 2106 # 2774 # 1 # ID=123_4;partial=00;start_type=ATG;rbs_motif=GGAG/GAGG;rbs_spacer=5-10bp;gc_cont=0.695
k99_2209_2           -           1296 RNA_pol_Rpb1_2       PF00623.15   166   2.7e-52  174.0   0.2   1   1   2.1e-54   3.5e-51  170.3   0.0     1   165   191   332   191   333 0.96 # 783 # 4670 # -1 # ID=10_2;partial=01;start_type=Edge;rbs_motif=None;rbs_spacer=None;gc_cont=0.666
k99_28140_15         -            177 Ribosomal_L5_C       PF00673.16    95   6.1e-32  106.2   0.0   1   2     0.056        95   -0.2   0.0    44    75    37    67    35    79 0.64 # 6915 # 7445 # 1 # ID=123_15;partial=00;start_type=ATG;rbs_motif=AGGAG;rbs_spacer=5-10bp;gc_cont=0.642
k99_28140_15         -            177 Ribosomal_L5_C       PF00673.16    95   6.1e-32  106.2   0.0   2   2   1.8e-34     3e-31  104.0   0.0     1    95    82   174    82   174 0.98 # 6915 # 7445 # 1 # ID=123_15;partial=00;start_type=ATG;rbs_motif=AGGAG;rbs_spacer=5-10bp;gc_cont=0.642
k99_25077_2          -            228 Ribosomal_L1         PF00687.16   220     8e-43  143.2   0.0   1   1   5.3e-46     9e-43  143.0   0.0     6   219    27   219     3   220 0.90 # 576 # 1259 # 1 # ID=104_2;partial=00;start_type=ATG;rbs_motif=AGGAG;rbs_spacer=5-10bp;gc_cont=0.712
k99_28140_11         -             67 Ribosomal_L29        PF00831.18    58   1.3e-16   57.0   2.3   1   1   8.4e-20   1.4e-16   56.8   2.3     1    58     3    62     3    62 0.94 # 5643 # 5843 # 1 # ID=123_11;partial=00;start_type=ATG;rbs_motif=GGAG/GAGG;rbs_spacer=5-10bp;gc_cont=0.627
k99_28140_19         -            124 Ribosomal_L18p       PF00861.17   119   1.5e-25   86.6   1.9   1   1   1.1e-28   1.9e-25   86.3   1.9     3   119     8   116     5   116 0.88 # 8630 # 9001 # 1 # ID=123_19;partial=00;start_type=ATG;rbs_motif=AGGAG;rbs_spacer=5-10bp;gc_cont=0.683
k99_17482_3          -             84 RNA_pol_Rpb6         PF01192.17    57   8.6e-07   25.5   0.0   1   1   7.7e-10   1.3e-06   25.0   0.0    13    53    19    60    18    61 0.91 # 1300 # 1551 # 1 # ID=84_3;partial=00;start_type=ATG;rbs_motif=GGAGG;rbs_spacer=5-10bp;gc_cont=0.671
k99_28140_20         -            161 Ribosomal_S5_C       PF03719.10    74   8.4e-33  108.4   0.5   1   1   7.9e-36   1.3e-32  107.8   0.5     1    73    87   159    87   160 0.98 # 9002 # 9484 # 1 # ID=123_20;partial=00;start_type=ATG;rbs_motif=GGAGG;rbs_spacer=5-10bp;gc_cont=0.683
k99_25077_1          -            142 Ribosomal_L11_N      PF03946.9     60   1.1e-31  105.0   0.3   1   1     1e-34   1.8e-31  104.3   0.3     1    60     8    66     8    66 0.98 # 139 # 564 # 1 # ID=104_1;partial=00;start_type=ATG;rbs_motif=AGGA;rbs_spacer=5-10bp;gc_cont=0.650
k99_28140_6          -            275 Ribosomal_L2_C       PF03947.13   130   1.8e-53  176.7   2.5   1   1   1.8e-56     3e-53  176.0   2.5     3   129   126   251   124   252 0.99 # 3075 # 3899 # 1 # ID=123_6;partial=00;start_type=ATG;rbs_motif=AGGA;rbs_spacer=5-10bp;gc_cont=0.713
k99_27313_2          -           1314 RNA_pol_Rpb2_7       PF04560.15    82   9.5e-28   93.2   0.1   1   1   1.8e-30     3e-27   91.6   0.1     1    79  1218  1291  1218  1293 0.98 # 250 # 4191 # -1 # ID=116_2;partial=00;start_type=ATG;rbs_motif=GGAG/GAGG;rbs_spacer=5-10bp;gc_cont=0.663
k99_27313_2          -           1314 RNA_pol_Rpb2_2       PF04561.9    190   7.2e-22   74.6   0.1   1   2   1.6e-07   0.00028   17.3   0.0     1    75   140   215   140   239 0.84 # 250 # 4191 # -1 # ID=116_2;partial=00;start_type=ATG;rbs_motif=GGAG/GAGG;rbs_spacer=5-10bp;gc_cont=0.663
k99_27313_2          -           1314 RNA_pol_Rpb2_2       PF04561.9    190   7.2e-22   74.6   0.1   2   2   4.3e-19   7.3e-16   55.0   0.1    97   190   294   395   274   395 0.91 # 250 # 4191 # -1 # ID=116_2;partial=00;start_type=ATG;rbs_motif=GGAG/GAGG;rbs_spacer=5-10bp;gc_cont=0.663
k99_27313_2          -           1314 RNA_pol_Rpb2_1       PF04563.10   203     7e-22   74.2   0.0   1   1   8.5e-25   1.4e-21   73.2   0.0     1   202    20   451    20   452 0.98 # 250 # 4191 # -1 # ID=116_2;partial=00;start_type=ATG;rbs_motif=GGAG/GAGG;rbs_spacer=5-10bp;gc_cont=0.663
k99_27313_2          -           1314 RNA_pol_Rpb2_3       PF04565.11    68   5.5e-29   96.7   0.0   1   1   5.8e-32   9.8e-29   95.9   0.0     1    68   456   525   456   525 0.99 # 250 # 4191 # -1 # ID=116_2;partial=00;start_type=ATG;rbs_motif=GGAG/GAGG;rbs_spacer=5-10bp;gc_cont=0.663
k99_2209_2           -           1296 RNA_pol_Rpb1_1       PF04997.7    337   5.9e-59  196.9   0.0   1   1   1.2e-61   1.1e-58  196.0   0.0   169   337    22   189     3   189 0.90 # 783 # 4670 # -1 # ID=10_2;partial=01;start_type=Edge;rbs_motif=None;rbs_spacer=None;gc_cont=0.666
k99_27313_1          -             76 RNA_pol_Rpb1_1       PF04997.7    337   4.4e-18   62.5   0.0   1   1   5.5e-21   4.7e-18   62.4   0.0     5    58    20    73    16    76 0.94 # 1 # 228 # -1 # ID=116_1;partial=10;start_type=GTG;rbs_motif=GGAGG;rbs_spacer=5-10bp;gc_cont=0.627
k99_2209_2           -           1296 RNA_pol_Rpb1_4       PF05000.12   108   8.5e-16   54.6   0.5   1   1   1.8e-18     3e-15   52.8   0.0     1    83   534   611   534   628 0.85 # 783 # 4670 # -1 # ID=10_2;partial=01;start_type=Edge;rbs_motif=None;rbs_spacer=None;gc_cont=0.666
k99_7924_2           -            605 IF-2                 PF11987.3    109   1.2e-25   86.4   1.3   1   1   1.9e-28   3.2e-25   85.0   0.3     4   108   392   494   389   495 0.94 # 372 # 2186 # -1 # ID=38_2;partial=01;start_type=Edge;rbs_motif=None;rbs_spacer=None;gc_cont=0.682
k99_14101_2          -            608 TIGR00344            TIGR00344    847  1.2e-189  629.0   0.0   1   2  1.3e-140  2.2e-137  456.1   0.0     2   430     9   441     8   452 0.94 # 852 # 2675 # -1 # ID=67_2;partial=00;start_type=ATG;rbs_motif=AGGAG;rbs_spacer=5-10bp;gc_cont=0.680
k99_14101_2          -            608 TIGR00344            TIGR00344    847  1.2e-189  629.0   0.0   2   2     2e-54   3.4e-51  171.0   0.1   552   699   454   601   448   607 0.97 # 852 # 2675 # -1 # ID=67_2;partial=00;start_type=ATG;rbs_motif=AGGAG;rbs_spacer=5-10bp;gc_cont=0.680
k99_35973_1          -            891 TIGR00422            TIGR00422    863         0 1016.3   0.0   1   1         0         0 1016.0   0.0     2   859     2   870     1   874 0.95 # 74 # 2746 # -1 # ID=161_1;partial=00;start_type=ATG;rbs_motif=AGGA;rbs_spacer=5-10bp;gc_cont=0.682
k99_51563_1          -           1044 TIGR00422            TIGR00422    863  1.9e-127  423.1   0.0   1   2   2.2e-36   9.3e-34  113.1   0.0     6   233    10   248     5   253 0.94 # 164 # 3295 # -1 # ID=208_1;partial=00;start_type=ATG;rbs_motif=GGA/GAG/AGG;rbs_spacer=5-10bp;gc_cont=0.684
k99_51563_1          -           1044 TIGR00422            TIGR00422    863  1.9e-127  423.1   0.0   2   2   3.2e-95   1.4e-92  307.7   0.0   255   806   309   882   302   908 0.89 # 164 # 3295 # -1 # ID=208_1;partial=00;start_type=ATG;rbs_motif=GGA/GAG/AGG;rbs_spacer=5-10bp;gc_cont=0.684
k99_63420_3          -            836 TIGR00422            TIGR00422    863   7.4e-86  285.4   3.1   1   5   1.6e-37   6.9e-35  116.8   1.5     1   188     1   172     1   174 0.91 # 790 # 3297 # -1 # ID=263_3;partial=00;start_type=ATG;rbs_motif=AGGA;rbs_spacer=5-10bp;gc_cont=0.677
k99_63420_3          -            836 TIGR00422            TIGR00422    863   7.4e-86  285.4   3.1   2   5     5e-07   0.00021   15.9   0.1   342   397   175   227   172   231 0.94 # 790 # 3297 # -1 # ID=263_3;partial=00;start_type=ATG;rbs_motif=AGGA;rbs_spacer=5-10bp;gc_cont=0.677
k99_63420_3          -            836 TIGR00422            TIGR00422    863   7.4e-86  285.4   3.1   3   5   0.00031      0.13    6.7   0.1   200   234   234   266   227   274 0.80 # 790 # 3297 # -1 # ID=263_3;partial=00;start_type=ATG;rbs_motif=AGGA;rbs_spacer=5-10bp;gc_cont=0.677
k99_63420_3          -            836 TIGR00422            TIGR00422    863   7.4e-86  285.4   3.1   4   5   2.7e-07   0.00011   16.9   0.0   242   318   310   402   303   415 0.75 # 790 # 3297 # -1 # ID=263_3;partial=00;start_type=ATG;rbs_motif=AGGA;rbs_spacer=5-10bp;gc_cont=0.677
k99_63420_3          -            836 TIGR00422            TIGR00422    863   7.4e-86  285.4   3.1   5   5   3.3e-39   1.4e-36  122.4   0.0   397   730   422   778   411   788 0.86 # 790 # 3297 # -1 # ID=263_3;partial=00;start_type=ATG;rbs_motif=AGGA;rbs_spacer=5-10bp;gc_cont=0.677
k99_17355_1          -            613 TIGR00422            TIGR00422    863   2.2e-17   58.9   0.0   1   3   5.7e-11   2.4e-08   29.0   0.1    35    87     6    58     1    69 0.88 # 3 # 1841 # -1 # ID=83_1;partial=10;start_type=ATG;rbs_motif=AGGAG;rbs_spacer=5-10bp;gc_cont=0.678
k99_17355_1          -            613 TIGR00422            TIGR00422    863   2.2e-17   58.9   0.0   2   3   0.00045      0.19    6.2   0.0   340   420   170   247   162   320 0.71 # 3 # 1841 # -1 # ID=83_1;partial=10;start_type=ATG;rbs_motif=AGGAG;rbs_spacer=5-10bp;gc_cont=0.678
k99_17355_1          -            613 TIGR00422            TIGR00422    863   2.2e-17   58.9   0.0   3   3   1.6e-08   6.6e-06   20.9   0.0   511   689   313   490   251   503 0.74 # 3 # 1841 # -1 # ID=83_1;partial=10;start_type=ATG;rbs_motif=AGGAG;rbs_spacer=5-10bp;gc_cont=0.678
#
# Program:         hmmsearch
# Version:         3.2 (June 2018)
# Pipeline mode:   SEARCH
# Query file:      /tmp/98e2d2a7-15e0-4dba-bc0c-c740d4f24f6b
# Target file:     GutReferenceSet/GutReferenceSet/Demo/quality/files_0_100/checkM/bins/ASM_19476_0_MAG_4/genes.faa
# Option settings: hmmsearch --domtblout GutReferenceSet/GutReferenceSet/Demo/quality/files_0_100/checkM/bins/ASM_19476_0_MAG_4/hmmer.tree.txt --noali --notextw -E 0.1 --domE 0.1 --cpu 1 /tmp/98e2d2a7-15e0-4dba-bc0c-c740d4f24f6b GutReferenceSet/GutReferenceSet/Demo/quality/files_0_100/checkM/bins/ASM_19476_0_MAG_4/genes.faa
# Current dir:     GutReferenceSet/GutReferenceSet/Build_Species_Set
# Date:            Tue May 10 12:46:39 2022
# [ok]
